Microchip MPLAB XC8 Compiler V2.10 ()

Linker command line:

-W-3 --edf=C:\Program Files (x86)\Microchip\xc8\v2.10\pic\dat\en_msgs.txt \
  -cs -h+dist/default/debug\PIC12LF1552_Debug_Touch.X.debug.sym \
  --cmf=dist/default/debug\PIC12LF1552_Debug_Touch.X.debug.cmf -z \
  -Q12LF1552 -oC:\Users\Jason.Liu\AppData\Local\Temp\s73pg.2 \
  --defsym=__MPLAB_BUILD=1 \
  -Mdist/default/debug/PIC12LF1552_Debug_Touch.X.debug.map -E1 -ver=XC8 \
  --acfsm=1493 -ASTACK=02042h-020EFh -pstack=STACK -ACODE=00h-07FFh \
  -ASTRCODE=00h-07FFh -ASTRING=00h-0FFhx8 -ACONST=00h-0FFhx8 \
  -AENTRY=00h-0FFhx8 -ACOMMON=070h-07Fh -ABANK0=020h-06Fh -ABANK1=0A0h-0EFh \
  -ABANK2=0120h-016Fh -ABIGRAM=02000h-020EFh \
  -ARAM=020h-06Fh,0A0h-0EFh,0120h-016Fh \
  -AABS1=020h-07Fh,0A0h-0EFh,0120h-016Fh -ASFR0=00h-01Fh -ASFR1=080h-09Fh \
  -ASFR2=0100h-011Fh -ASFR3=0180h-01EFh -ASFR4=0200h-026Fh \
  -ASFR5=0280h-02EFh -ASFR6=0300h-036Fh -ASFR7=0380h-03EFh \
  -ASFR8=0400h-046Fh -ASFR9=0480h-04EFh -ASFR10=0500h-056Fh \
  -ASFR11=0580h-05EFh -ASFR12=0600h-066Fh -ASFR13=0680h-06EFh \
  -ASFR14=0700h-076Fh -ASFR15=0780h-07EFh -ASFR16=0800h-086Fh \
  -ASFR17=0880h-08EFh -ASFR18=0900h-096Fh -ASFR19=0980h-09EFh \
  -ASFR20=0A00h-0A6Fh -ASFR21=0A80h-0AEFh -ASFR22=0B00h-0B6Fh \
  -ASFR23=0B80h-0BEFh -ASFR24=0C00h-0C6Fh -ASFR25=0C80h-0CEFh \
  -ASFR26=0D00h-0D6Fh -ASFR27=0D80h-0DEFh -ASFR28=0E00h-0E6Fh \
  -ASFR29=0E80h-0EEFh -ASFR30=0F00h-0F6Fh -ASFR31=0F80h-0FEFh \
  -preset_vec=00h,intentry=04h,init,end_init -ppowerup=CODE -pcinit=CODE \
  -pfunctab=ENTRY -ACONFIG=08007h-08008h -pconfig=CONFIG -DCONFIG=2 \
  -AIDLOC=08000h-08003h -pidloc=IDLOC -DIDLOC=2 -DCODE=2 -DSTRCODE=2 \
  -DSTRING=2 -DCONST=2 -DENTRY=2 -k \
  C:\Users\Jason.Liu\AppData\Local\Temp\s73pg.o \
  dist/default/debug\PIC12LF1552_Debug_Touch.X.debug.o 

Object code version is 3.11

Machine type is 12LF1552



                Name                               Link     Load   Length Selector   Space Scale
C:\Users\Jason.Liu\AppData\Local\Temp\s73pg.o
                end_init                              C        C        1        8       0
                reset_vec                             0        0        1        0       0
                config                             8007     8007        2    1000E       0
dist/default/debug\PIC12LF1552_Debug_Touch.X.debug.o
                cinit                                 D        D       13        8       0
                intentry                              4        4        8        8       0
                text67                              629      629        B      AD8       0
                text66                              6B0      6B0        1      AD8       0
                text65                              5EC      5EC        E      AD8       0
                text63                              67C      67C        6      AD8       0
                text62                              691      691        5      AD8       0
                text61                              6AF      6AF        1      AD8       0
                text60                              607      607        C      AD8       0
                text59                              5DE      5DE        E      AD8       0
                text58                              4DD      4DD       18        8       0
                text57                              520      520       14        8       0
                text56                              4C4      4C4       19        8       0
                text55                               20       20       C2        8       0
                text54                              547      547       13        8       0
                text53                              1EE      1EE       5D        8       0
                text52                              651      651        9      AD8       0
                text51                              4A8      4A8       1C        8       0
                text50                              6A8      6A8        2      AD8       0
                text49                              3F7      3F7       27        8       0
                text48                              297      297       47        8       0
                text47                              6A1      6A1        3      AD8       0
                text46                              69E      69E        3      AD8       0
                text45                              590      590       11      AD8       0
                text44                              6AE      6AE        1      AD8       0
                text43                              5B1      5B1       10      AD8       0
                text42                               E2       E2       A6        8       0
                text41                              3C7      3C7       30        8       0
                text40                              188      188       66        8       0
                text39                              38F      38F       38        8       0
                text38                              6A6      6A6        2      AD8       0
                text37                              669      669        7      AD8       0
                text36                              63E      63E        A      AD8       0
                text35                              68C      68C        5      AD8       0
                text34                              443      443       25        8       0
                text33                              41E      41E       25        8       0
                swtext2                               1        1        2        2       0
                swtext1                               3        3        1        2       0
                text32                              24B      24B       4C        8       0
                text31                              6AD      6AD        1      AD8       0
                text30                              355      355       3A        8       0
                text29                              61E      61E        B      AD8       0
                text26                              4F5      4F5       17        8       0
                text25                              31A      31A       3B        8       0
                text24                              6AC      6AC        1      AD8       0
                text23                              57E      57E       12      AD8       0
                text21                              2DE      2DE       3C        8       0
                text20                              648      648        9      AD8       0
                text18                              50C      50C       14        8       0
                text17                              488      488       20        8       0
                text16                              6A4      6A4        2      AD8       0
                text15                              6AB      6AB        1      AD8       0
                text14                              6AA      6AA        1      AD8       0
                text13                              5D0      5D0        E      AD8       0
                text12                              468      468       20        8       0
                text11                              613      613        B      AD8       0
                text10                              5FA      5FA        D      AD8       0
                text9                               634      634        A      AD8       0
                text8                               65A      65A        8      AD8       0
                text7                               69A      69A        4      AD8       0
                text6                               662      662        7      AD8       0
                text5                               5A1      5A1       10      AD8       0
                text4                               687      687        5      AD8       0
                text3                               5C1      5C1        F      AD8       0
                text2                               696      696        4      AD8       0
                text1                               682      682        5      AD8       0
                maintext                            56C      56C       12      AD8       0
                cstackBANK0                          4E       4E       11       20       1
                cstackCOMMON                         70       70        E       70       1
                clrtext                             676      676        6      AD8       0
                inittext                            670      670        6      AD8       0
                dataBANK0                            3B       3B       13       20       1
                bssBANK0                             20       20       1B       20       1
                nvBANK0                              5F       5F        3       20       1
                stringtext1                         55A      55A       12      AB4       0
                idataBANK0                          534      534       13        8       0

TOTAL           Name                               Link     Load   Length     Space
        CLASS   STACK          

        CLASS   CODE           
                end_init                              C        C        1         0
                cinit                                 D        D       13         0
                intentry                              4        4        8         0
                reset_vec                             0        0        1         0
                text67                              629      629        B         0
                text66                              6B0      6B0        1         0
                text65                              5EC      5EC        E         0
                text63                              67C      67C        6         0
                text62                              691      691        5         0
                text61                              6AF      6AF        1         0
                text60                              607      607        C         0
                text59                              5DE      5DE        E         0
                text58                              4DD      4DD       18         0
                text57                              520      520       14         0
                text56                              4C4      4C4       19         0
                text55                               20       20       C2         0
                text54                              547      547       13         0
                text53                              1EE      1EE       5D         0
                text52                              651      651        9         0
                text51                              4A8      4A8       1C         0
                text50                              6A8      6A8        2         0
                text49                              3F7      3F7       27         0
                text48                              297      297       47         0
                text47                              6A1      6A1        3         0
                text46                              69E      69E        3         0
                text45                              590      590       11         0
                text44                              6AE      6AE        1         0
                text43                              5B1      5B1       10         0
                text42                               E2       E2       A6         0
                text41                              3C7      3C7       30         0
                text40                              188      188       66         0
                text39                              38F      38F       38         0
                text38                              6A6      6A6        2         0
                text37                              669      669        7         0
                text36                              63E      63E        A         0
                text35                              68C      68C        5         0
                text34                              443      443       25         0
                text33                              41E      41E       25         0
                text32                              24B      24B       4C         0
                text31                              6AD      6AD        1         0
                text30                              355      355       3A         0
                text29                              61E      61E        B         0
                text26                              4F5      4F5       17         0
                text25                              31A      31A       3B         0
                text24                              6AC      6AC        1         0
                text23                              57E      57E       12         0
                text21                              2DE      2DE       3C         0
                text20                              648      648        9         0
                text18                              50C      50C       14         0
                text17                              488      488       20         0
                text16                              6A4      6A4        2         0
                text15                              6AB      6AB        1         0
                text14                              6AA      6AA        1         0
                text13                              5D0      5D0        E         0
                text12                              468      468       20         0
                text11                              613      613        B         0
                text10                              5FA      5FA        D         0
                text9                               634      634        A         0
                text8                               65A      65A        8         0
                text7                               69A      69A        4         0
                text6                               662      662        7         0
                text5                               5A1      5A1       10         0
                text4                               687      687        5         0
                text3                               5C1      5C1        F         0
                text2                               696      696        4         0
                text1                               682      682        5         0
                maintext                            56C      56C       12         0
                clrtext                             676      676        6         0
                inittext                            670      670        6         0
                idataBANK0                          534      534       13         0

        CLASS   STRCODE        
                stringtext1                         55A      55A       12         0

        CLASS   STRING         

        CLASS   CONST          
                swtext2                               1        1        2         0
                swtext1                               3        3        1         0

        CLASS   ENTRY          

        CLASS   COMMON         
                cstackCOMMON                         70       70        E         1

        CLASS   BANK0          
                cstackBANK0                          4E       4E       11         1
                dataBANK0                            3B       3B       13         1
                bssBANK0                             20       20       1B         1
                nvBANK0                              5F       5F        3         1

        CLASS   BANK1          

        CLASS   BANK2          

        CLASS   BIGRAM         

        CLASS   RAM            

        CLASS   ABS1           
                abs_s1                               7E       7E        2         1

        CLASS   SFR0           

        CLASS   SFR1           

        CLASS   SFR2           

        CLASS   SFR3           

        CLASS   SFR4           

        CLASS   SFR5           

        CLASS   SFR6           

        CLASS   SFR7           

        CLASS   SFR8           

        CLASS   SFR9           

        CLASS   SFR10          

        CLASS   SFR11          

        CLASS   SFR12          

        CLASS   SFR13          

        CLASS   SFR14          

        CLASS   SFR15          

        CLASS   SFR16          

        CLASS   SFR17          

        CLASS   SFR18          

        CLASS   SFR19          

        CLASS   SFR20          

        CLASS   SFR21          

        CLASS   SFR22          

        CLASS   SFR23          

        CLASS   SFR24          

        CLASS   SFR25          

        CLASS   SFR26          

        CLASS   SFR27          

        CLASS   SFR28          

        CLASS   SFR29          

        CLASS   SFR30          

        CLASS   SFR31          

        CLASS   CONFIG         
                config                             8007     8007        2         0

        CLASS   IDLOC          

        CLASS   BANK31         

        CLASS   BANK30         

        CLASS   BANK29         

        CLASS   BANK28         

        CLASS   BANK27         

        CLASS   BANK26         

        CLASS   BANK25         

        CLASS   BANK24         

        CLASS   BANK23         

        CLASS   BANK22         

        CLASS   BANK21         

        CLASS   BANK20         

        CLASS   BANK19         

        CLASS   BANK18         

        CLASS   BANK17         

        CLASS   BANK16         

        CLASS   BANK15         

        CLASS   BANK14         

        CLASS   BANK13         

        CLASS   BANK12         

        CLASS   BANK11         

        CLASS   BANK10         

        CLASS   BANK9          

        CLASS   BANK8          

        CLASS   BANK7          

        CLASS   BANK6          

        CLASS   BANK5          

        CLASS   BANK4          

        CLASS   BANK3          

        CLASS   EEDATA         



SEGMENTS        Name                           Load    Length   Top    Selector   Space  Class     Delta

                reset_vec                      000000  000001  000001         0       0  CODE        2
                swtext2                        000001  000003  000004         2       0  CONST       2
                intentry                       000004  000556  00055A         8       0  CODE        2
                bssBANK0                       000020  000042  000062        20       1  BANK0       1
                cstackCOMMON                   000070  00000E  00007E        70       1  COMMON      1
                stringtext1                    00055A  000012  00056C       AB4       0  STRCODE     2
                maintext                       00056C  000145  0006B1       AD8       0  CODE        2
                config                         008007  000002  008009     1000E       0  CONFIG      2


UNUSED ADDRESS RANGES

        Name                Unused          Largest block    Delta
        BANK0            00062-0006F               E           1
        BANK1            000A0-000EF              50           1
        BANK2            00120-0016F              50           1
        BIGRAM           02000-020EF              F0           1
        CODE             006B1-007FF             14F           2
        CONST            006B1-007FF              4F           2
        ENTRY            006B1-007FF              4F           2
        IDLOC            08000-08003               4           2
        RAM              00062-0006F               E           1
                         000A0-000EF              50
                         00120-0016F              50
        SFR0             00000-0001F              20           1
        SFR1             00080-0009F              20           1
        SFR10            00500-0056F              70           1
        SFR11            00580-005EF              70           1
        SFR12            00600-0066F              70           1
        SFR13            00680-006EF              70           1
        SFR14            00700-0076F              70           1
        SFR15            00780-007EF              70           1
        SFR16            00800-0086F              70           1
        SFR17            00880-008EF              70           1
        SFR18            00900-0096F              70           1
        SFR19            00980-009EF              70           1
        SFR2             00100-0011F              20           1
        SFR20            00A00-00A6F              70           1
        SFR21            00A80-00AEF              70           1
        SFR22            00B00-00B6F              70           1
        SFR23            00B80-00BEF              70           1
        SFR24            00C00-00C6F              70           1
        SFR25            00C80-00CEF              70           1
        SFR26            00D00-00D6F              70           1
        SFR27            00D80-00DEF              70           1
        SFR28            00E00-00E6F              70           1
        SFR29            00E80-00EEF              70           1
        SFR3             00180-001EF              70           1
        SFR30            00F00-00F6F              70           1
        SFR31            00F80-00FEF              70           1
        SFR4             00200-0026F              70           1
        SFR5             00280-002EF              70           1
        SFR6             00300-0036F              70           1
        SFR7             00380-003EF              70           1
        SFR8             00400-0046F              70           1
        SFR9             00480-004EF              70           1
        STACK            02042-020EF              AE           1
        STRCODE          006B1-007FF             14F           2
        STRING           006B1-007FF              4F           2

                                  Symbol Table

?_MTOUCH_Proximity_Baseline_Get                    cstackCOMMON 00076
?_MTOUCH_Proximity_Reading_Get                     cstackCOMMON 00070
?_MTOUCH_Sensor_RawSample_Get                      cstackCOMMON 00073
?_Proximity_Baseline_Get_helper                    cstackCOMMON 00070
?_abs                                              cstackCOMMON 00070
MTOUCH_Delay@i                                     cstackCOMMON 00070
MTOUCH_Proximity_Baseline_Get@name                 cstackCOMMON 0007B
MTOUCH_Proximity_Initialize@name                   cstackCOMMON 00070
MTOUCH_Proximity_Initialize@prox                   cstackCOMMON 00071
MTOUCH_Proximity_Reading_Get@name                  cstackCOMMON 00075
MTOUCH_Proximity_SetActivatedCallback@callback     cstackCOMMON 00070
MTOUCH_Proximity_SetNotActivatedCallback@callback  cstackCOMMON 00070
MTOUCH_Random@seed                                 bssBANK0     00023
MTOUCH_Sensor_Enable@sensor                        cstackCOMMON 00073
MTOUCH_Sensor_Initialize@sensor                    cstackCOMMON 00074
MTOUCH_Sensor_InitializeAll@sensor                 cstackCOMMON 00075
MTOUCH_Sensor_RawSample_Get@name                   cstackCOMMON 00076
MTOUCH_Sensor_SampleAll@sensor                     cstackBANK0  00055
MTOUCH_Sensor_Sampled_ResetAll@sensor              cstackCOMMON 00072
MTOUCH_Sensor_wasSampled@sensor                    cstackCOMMON 00073
PL32                                               text48       002A1
PL34                                               text55       000DC
PL36                                               text42       0016F
PL38                                               text23       00588
PL40                                               text42       00175
PL42                                               text40       001E7
PL44                                               text41       003EB
PL46                                               text42       0017D
PL48                                               text41       003F1
PL50                                               text18       0051A
PL52                                               text39       003C2
PL54                                               text42       00183
PL56                                               text53       00246
Proximity_Baseline_Get_helper@name                 cstackCOMMON 00075
Proximity_Baseline_Initialize@prox                 cstackCOMMON 0007B
Proximity_Baseline_Update@prox                     cstackCOMMON 00074
Proximity_Deviation_Update@deviation               cstackBANK0  00058
Proximity_Deviation_Update@name                    cstackBANK0  0005C
Proximity_Reading_Update@prox                      cstackBANK0  0004E
Proximity_Reading_Update_Helper@prox               cstackCOMMON 0007D
Proximity_Service@name                             cstackBANK0  0005D
Proximity_Service@prox                             cstackBANK0  0005E
Proximity_State_Activated@prox                     cstackCOMMON 0007C
Proximity_State_Initializing@prox                  cstackCOMMON 0007C
Proximity_State_NotActivated@deviation             cstackBANK0  00055
Proximity_State_NotActivated@prox                  cstackCOMMON 0007C
Proximity_Tick_helper@prox                         cstackCOMMON 00072
Sensor_Acq_ExecutePacket@ADCON0_temp               cstackCOMMON 00077
Sensor_Acq_ExecutePacket@ADCON1_temp               cstackCOMMON 00078
Sensor_Acq_ExecutePacket@GIE_state                 cstackCOMMON 00079
Sensor_Acq_ExecutePacket@error                     cstackCOMMON 0007A
Sensor_Acq_ExecutePacket@sensor                    cstackCOMMON 0007B
Sensor_Acq_ExecuteScan@result                      cstackCOMMON 00075
Sensor_Acquisition@retry                           cstackBANK0  0004E
Sensor_Acquisition@sensor                          cstackBANK0  0004F
Sensor_DefaultCallback@sensor                      cstackCOMMON 00070
Sensor_RawSample_Update@sensor                     cstackCOMMON 00070
Sensor_Sampled_Reset@sensor                        cstackCOMMON 00070
Sensor_Service@error                               cstackBANK0  00053
Sensor_Service@name                                cstackBANK0  00052
Sensor_Service@sensor                              cstackBANK0  00054
Sensor_isEnabled@sensor                            cstackCOMMON 00070
Sensor_setActive@sensor                            cstackCOMMON 00070
Sensor_setInactive@sensor                          cstackCOMMON 00070
Sensor_setSampled@sensor                           cstackCOMMON 00070
Sensor_setScanFunction@sensor                      cstackCOMMON 00070
TMR0_SetInterruptHandler@InterruptHandler          cstackCOMMON 00070
User_Proximity_Actived_Callback@name               cstackCOMMON 00070
User_Proximity_Deactived_Callback@name             cstackCOMMON 00070
_ADCON0                                            (abs)        0009D
_ADCON0bits                                        (abs)        0009D
_ADCON1                                            (abs)        0009E
_ADRES                                             (abs)        0009B
_ANSELA                                            (abs)        0018C
_APFCON                                            (abs)        0011D
_BORCON                                            (abs)        00116
_Debounce_TimerCnt                                 bssBANK0     00024
_GIE                                               (abs)        0005F
_INTCONbits                                        (abs)        0000B
_INTERRUPT_InterruptManager                        intentry     00004
_LATA                                              (abs)        0010C
_LATAbits                                          (abs)        0010C
_MTOUCH_CVD_ScanA_0                                text34       00443
_MTOUCH_CVD_ScanB_0                                text33       0041E
_MTOUCH_Delay                                      text37       00669
_MTOUCH_Initialize                                 text7        0069A
_MTOUCH_Proximity_Baseline_Get                     text57       00520
_MTOUCH_Proximity_Initialize                       text51       004A8
_MTOUCH_Proximity_InitializeAll                    text11       00613
_MTOUCH_Proximity_Reading_Get                      text56       004C4
_MTOUCH_Proximity_ServiceAll                       text38       006A6
_MTOUCH_Proximity_SetActivatedCallback             text63       0067C
_MTOUCH_Proximity_SetNotActivatedCallback          text62       00691
_MTOUCH_Proximity_Tick                             text16       006A4
_MTOUCH_Random                                     text36       0063E
_MTOUCH_Sensor_Enable                              text10       005FA
_MTOUCH_Sensor_Initialize                          text9        00634
_MTOUCH_Sensor_InitializeAll                       text8        0065A
_MTOUCH_Sensor_RawSample_Get                       text54       00547
_MTOUCH_Sensor_SampleAll                           text20       00648
_MTOUCH_Sensor_Sampled_ResetAll                    text18       0050C
_MTOUCH_Sensor_Scan_Initialize                     text35       0068C
_MTOUCH_Sensor_isCalibrated                        text61       006AF
_MTOUCH_Sensor_wasSampled                          text59       005DE
_MTOUCH_Service_Mainloop                           text13       005D0
_MTOUCH_Tick                                       text15       006AB
_MTOUCH_needReburst                                text14       006AA
_OPTION_REG                                        (abs)        00095
_OPTION_REGbits                                    (abs)        00095
_OSCCON                                            (abs)        00099
_OSCILLATOR_Initialize                             text6        00662
_OSCSTAT                                           (abs)        0009A
_PIN_MANAGER_Initialize                            text5        005A1
_Proximity_Baseline_Get_helper                     text58       004DD
_Proximity_Baseline_Initialize                     text49       003F7
_Proximity_Baseline_Update                         text48       00297
_Proximity_DefaultCallback                         text44       006AE
_Proximity_Deviation_Update                        text55       00020
_Proximity_Reading_Update                          text52       00651
_Proximity_Reading_Update_Helper                   text53       001EE
_Proximity_Service                                 text39       0038F
_Proximity_StateMachine                            dataBANK0    0003B
_Proximity_State_Activated                         text40       00188
_Proximity_State_Initializing                      text41       003C7
_Proximity_State_NotActivated                      text42       000E2
_Proximity_Tick_helper                             text17       00488
_SYSTEM_Initialize                                 text1        00682
_Sensor_Acq_ExecutePacket                          text30       00355
_Sensor_Acq_ExecuteScan                            text32       0024B
_Sensor_Acquisition                                text25       0031A
_Sensor_DefaultCallback                            text24       006AC
_Sensor_RawSample_Update                           text23       0057E
_Sensor_Sampled_Reset                              text19       00000
_Sensor_Service                                    text21       002DE
_Sensor_isEnabled                                  text29       0061E
_Sensor_setActive                                  text28       00000
_Sensor_setInactive                                text27       00000
_Sensor_setSampled                                 text22       00000
_Sensor_setScanFunction                            text31       006AD
_TMR0                                              (abs)        00015
_TMR0_DefaultInterruptHandler                      text66       006B0
_TMR0_ISR                                          text65       005EC
_TMR0_Initialize                                   text3        005C1
_TMR0_InterruptHandler                             nvBANK0      0005F
_TMR0_Interrupt_Disable                            text50       006A8
_TMR0_Interrupt_Enable                             text47       006A1
_TMR0_Reload                                       text46       0069E
_TMR0_SetInterruptHandler                          text4        00687
_TRISA                                             (abs)        0008C
_User_Proximity_Actived_Callback                   text45       00590
_User_Proximity_Deactived_Callback                 text43       005B1
_User_TMR0_InterruptHandler                        text67       00629
_WDTCON                                            (abs)        00097
_WDT_Initialize                                    text2        00696
_WPUA                                              (abs)        0020C
__CFG_BOREN$NSLEEP                                 (abs)        00000
__CFG_BORV$LO                                      (abs)        00000
__CFG_CLKOUTEN$OFF                                 (abs)        00000
__CFG_CP$OFF                                       (abs)        00000
__CFG_FOSC$INTOSC                                  (abs)        00000
__CFG_LPBOR$OFF                                    (abs)        00000
__CFG_LVP$ON                                       (abs)        00000
__CFG_MCLRE$ON                                     (abs)        00000
__CFG_PWRTE$OFF                                    (abs)        00000
__CFG_STVREN$ON                                    (abs)        00000
__CFG_WDTE$ON                                      (abs)        00000
__CFG_WRT$OFF                                      (abs)        00000
__Habs1                                            abs1         00000
__Hbank0                                           bank0        00000
__Hbank1                                           bank1        00000
__Hbank10                                          bank10       00000
__Hbank11                                          bank11       00000
__Hbank12                                          bank12       00000
__Hbank13                                          bank13       00000
__Hbank14                                          bank14       00000
__Hbank15                                          bank15       00000
__Hbank16                                          bank16       00000
__Hbank17                                          bank17       00000
__Hbank18                                          bank18       00000
__Hbank19                                          bank19       00000
__Hbank2                                           bank2        00000
__Hbank20                                          bank20       00000
__Hbank21                                          bank21       00000
__Hbank22                                          bank22       00000
__Hbank23                                          bank23       00000
__Hbank24                                          bank24       00000
__Hbank25                                          bank25       00000
__Hbank26                                          bank26       00000
__Hbank27                                          bank27       00000
__Hbank28                                          bank28       00000
__Hbank29                                          bank29       00000
__Hbank3                                           bank3        00000
__Hbank30                                          bank30       00000
__Hbank31                                          bank31       00000
__Hbank4                                           bank4        00000
__Hbank5                                           bank5        00000
__Hbank6                                           bank6        00000
__Hbank7                                           bank7        00000
__Hbank8                                           bank8        00000
__Hbank9                                           bank9        00000
__Hbigram                                          bigram       00000
__HbssBANK0                                        bssBANK0     00000
__Hcinit                                           cinit        00020
__Hclrtext                                         clrtext      00000
__Hcode                                            code         00000
__Hcommon                                          common       00000
__Hconfig                                          config       08009
__HcstackBANK0                                     cstackBANK0  00000
__HcstackCOMMON                                    cstackCOMMON 00000
__HdataBANK0                                       dataBANK0    00000
__Heeprom_data                                     eeprom_data  00000
__Hend_init                                        end_init     0000D
__Hfunctab                                         functab      00000
__HidataBANK0                                      idataBANK0   00000
__Hidloc                                           idloc        00000
__Hinit                                            init         0000C
__Hinittext                                        inittext     00000
__Hintentry                                        intentry     0000C
__Hmaintext                                        maintext     00000
__HnvBANK0                                         nvBANK0      00000
__Hpa_nodes0                                       pa_nodes0    00000
__Hpowerup                                         powerup      00000
__Hram                                             ram          00000
__Hreset_vec                                       reset_vec    00001
__Hsfr0                                            sfr0         00000
__Hsfr1                                            sfr1         00000
__Hsfr10                                           sfr10        00000
__Hsfr11                                           sfr11        00000
__Hsfr12                                           sfr12        00000
__Hsfr13                                           sfr13        00000
__Hsfr14                                           sfr14        00000
__Hsfr15                                           sfr15        00000
__Hsfr16                                           sfr16        00000
__Hsfr17                                           sfr17        00000
__Hsfr18                                           sfr18        00000
__Hsfr19                                           sfr19        00000
__Hsfr2                                            sfr2         00000
__Hsfr20                                           sfr20        00000
__Hsfr21                                           sfr21        00000
__Hsfr22                                           sfr22        00000
__Hsfr23                                           sfr23        00000
__Hsfr24                                           sfr24        00000
__Hsfr25                                           sfr25        00000
__Hsfr26                                           sfr26        00000
__Hsfr27                                           sfr27        00000
__Hsfr28                                           sfr28        00000
__Hsfr29                                           sfr29        00000
__Hsfr3                                            sfr3         00000
__Hsfr30                                           sfr30        00000
__Hsfr31                                           sfr31        00000
__Hsfr4                                            sfr4         00000
__Hsfr5                                            sfr5         00000
__Hsfr6                                            sfr6         00000
__Hsfr7                                            sfr7         00000
__Hsfr8                                            sfr8         00000
__Hsfr9                                            sfr9         00000
__Hspace_0                                         (abs)        08009
__Hspace_1                                         (abs)        0007E
__Hspace_2                                         (abs)        00000
__Hspace_3                                         (abs)        00000
__Hstack                                           stack        00000
__Hstrings                                         strings      00000
__Hstringtext1                                     stringtext1  00000
__Htext                                            text         00000
__Labs1                                            abs1         00000
__Lbank0                                           bank0        00000
__Lbank1                                           bank1        00000
__Lbank10                                          bank10       00000
__Lbank11                                          bank11       00000
__Lbank12                                          bank12       00000
__Lbank13                                          bank13       00000
__Lbank14                                          bank14       00000
__Lbank15                                          bank15       00000
__Lbank16                                          bank16       00000
__Lbank17                                          bank17       00000
__Lbank18                                          bank18       00000
__Lbank19                                          bank19       00000
__Lbank2                                           bank2        00000
__Lbank20                                          bank20       00000
__Lbank21                                          bank21       00000
__Lbank22                                          bank22       00000
__Lbank23                                          bank23       00000
__Lbank24                                          bank24       00000
__Lbank25                                          bank25       00000
__Lbank26                                          bank26       00000
__Lbank27                                          bank27       00000
__Lbank28                                          bank28       00000
__Lbank29                                          bank29       00000
__Lbank3                                           bank3        00000
__Lbank30                                          bank30       00000
__Lbank31                                          bank31       00000
__Lbank4                                           bank4        00000
__Lbank5                                           bank5        00000
__Lbank6                                           bank6        00000
__Lbank7                                           bank7        00000
__Lbank8                                           bank8        00000
__Lbank9                                           bank9        00000
__Lbigram                                          bigram       00000
__LbssBANK0                                        bssBANK0     00000
__Lcinit                                           cinit        0000D
__Lclrtext                                         clrtext      00000
__Lcode                                            code         00000
__Lcommon                                          common       00000
__Lconfig                                          config       08007
__LcstackBANK0                                     cstackBANK0  00000
__LcstackCOMMON                                    cstackCOMMON 00000
__LdataBANK0                                       dataBANK0    00000
__Leeprom_data                                     eeprom_data  00000
__Lend_init                                        end_init     0000C
__Lfunctab                                         functab      00000
__LidataBANK0                                      idataBANK0   00000
__Lidloc                                           idloc        00000
__Linit                                            init         0000C
__Linittext                                        inittext     00000
__Lintentry                                        intentry     00004
__Lmaintext                                        maintext     00000
__LnvBANK0                                         nvBANK0      00000
__Lpa_nodes0                                       pa_nodes0    00000
__Lpowerup                                         powerup      00000
__Lram                                             ram          00000
__Lreset_vec                                       reset_vec    00000
__Lsfr0                                            sfr0         00000
__Lsfr1                                            sfr1         00000
__Lsfr10                                           sfr10        00000
__Lsfr11                                           sfr11        00000
__Lsfr12                                           sfr12        00000
__Lsfr13                                           sfr13        00000
__Lsfr14                                           sfr14        00000
__Lsfr15                                           sfr15        00000
__Lsfr16                                           sfr16        00000
__Lsfr17                                           sfr17        00000
__Lsfr18                                           sfr18        00000
__Lsfr19                                           sfr19        00000
__Lsfr2                                            sfr2         00000
__Lsfr20                                           sfr20        00000
__Lsfr21                                           sfr21        00000
__Lsfr22                                           sfr22        00000
__Lsfr23                                           sfr23        00000
__Lsfr24                                           sfr24        00000
__Lsfr25                                           sfr25        00000
__Lsfr26                                           sfr26        00000
__Lsfr27                                           sfr27        00000
__Lsfr28                                           sfr28        00000
__Lsfr29                                           sfr29        00000
__Lsfr3                                            sfr3         00000
__Lsfr30                                           sfr30        00000
__Lsfr31                                           sfr31        00000
__Lsfr4                                            sfr4         00000
__Lsfr5                                            sfr5         00000
__Lsfr6                                            sfr6         00000
__Lsfr7                                            sfr7         00000
__Lsfr8                                            sfr8         00000
__Lsfr9                                            sfr9         00000
__Lspace_0                                         (abs)        00000
__Lspace_1                                         (abs)        00000
__Lspace_2                                         (abs)        00000
__Lspace_3                                         (abs)        00000
__Lstack                                           stack        00000
__Lstrings                                         strings      00000
__Lstringtext1                                     stringtext1  00000
__Ltext                                            text         00000
__S0                                               (abs)        08009
__S1                                               (abs)        0007E
__S2                                               (abs)        00000
___bmul                                            text60       00607
___bmul@multiplicand                               cstackCOMMON 00070
___bmul@multiplier                                 cstackCOMMON 00072
___bmul@product                                    cstackCOMMON 00071
___int_sp                                          stack        00000
___latbits                                         (abs)        00000
___sp                                              stack        00000
___stackhi                                         (abs)        020EF
___stacklo                                         (abs)        02042
__end_ofPL32                                       text48       002DE
__end_ofPL34                                       text55       000E2
__end_ofPL36                                       text42       00175
__end_ofPL38                                       text23       00590
__end_ofPL40                                       text42       0017D
__end_ofPL42                                       text40       001EE
__end_ofPL44                                       text41       003F1
__end_ofPL46                                       text42       00183
__end_ofPL48                                       text41       003F7
__end_ofPL50                                       text18       00520
__end_ofPL52                                       text39       003C7
__end_ofPL54                                       text42       00188
__end_ofPL56                                       text53       0024B
__end_of_INTERRUPT_InterruptManager                intentry     0000C
__end_of_MTOUCH_CVD_ScanA_0                        text34       00468
__end_of_MTOUCH_CVD_ScanB_0                        text33       00443
__end_of_MTOUCH_Delay                              text37       00670
__end_of_MTOUCH_Initialize                         text7        0069E
__end_of_MTOUCH_Proximity_Baseline_Get             text57       00534
__end_of_MTOUCH_Proximity_Initialize               text51       004C4
__end_of_MTOUCH_Proximity_InitializeAll            text11       0061E
__end_of_MTOUCH_Proximity_Reading_Get              text56       004DD
__end_of_MTOUCH_Proximity_ServiceAll               text38       006A8
__end_of_MTOUCH_Proximity_SetActivatedCallback     text63       00682
__end_of_MTOUCH_Proximity_SetNotActivatedCallback  text62       00696
__end_of_MTOUCH_Proximity_Tick                     text16       006A6
__end_of_MTOUCH_Random                             text36       00648
__end_of_MTOUCH_Sensor_Enable                      text10       00607
__end_of_MTOUCH_Sensor_Initialize                  text9        0063E
__end_of_MTOUCH_Sensor_InitializeAll               text8        00662
__end_of_MTOUCH_Sensor_RawSample_Get               text54       0055A
__end_of_MTOUCH_Sensor_SampleAll                   text20       00651
__end_of_MTOUCH_Sensor_Sampled_ResetAll            text18       0051A
__end_of_MTOUCH_Sensor_Scan_Initialize             text35       00691
__end_of_MTOUCH_Sensor_isCalibrated                text61       006B0
__end_of_MTOUCH_Sensor_wasSampled                  text59       005EC
__end_of_MTOUCH_Service_Mainloop                   text13       005DE
__end_of_MTOUCH_Tick                               text15       006AC
__end_of_MTOUCH_needReburst                        text14       006AB
__end_of_OSCILLATOR_Initialize                     text6        00669
__end_of_PIN_MANAGER_Initialize                    text5        005B1
__end_of_Proximity_Baseline_Get_helper             text58       004F5
__end_of_Proximity_Baseline_Initialize             text49       0041E
__end_of_Proximity_Baseline_Update                 text48       002A1
__end_of_Proximity_DefaultCallback                 text44       006AF
__end_of_Proximity_Deviation_Update                text55       000DC
__end_of_Proximity_Reading_Update                  text52       0065A
__end_of_Proximity_Reading_Update_Helper           text53       00246
__end_of_Proximity_Service                         text39       003C2
__end_of_Proximity_State_Activated                 text40       001E7
__end_of_Proximity_State_Initializing              text41       003EB
__end_of_Proximity_State_NotActivated              text42       0016F
__end_of_Proximity_Tick_helper                     text17       004A8
__end_of_SYSTEM_Initialize                         text1        00687
__end_of_Sensor_Acq_ExecutePacket                  text30       0038F
__end_of_Sensor_Acq_ExecuteScan                    text32       00297
__end_of_Sensor_Acquisition                        text25       00355
__end_of_Sensor_DefaultCallback                    text24       006AD
__end_of_Sensor_RawSample_Update                   text23       00588
__end_of_Sensor_Sampled_Reset                      text19       00000
__end_of_Sensor_Service                            text21       0031A
__end_of_Sensor_isEnabled                          text29       00629
__end_of_Sensor_setActive                          text28       00000
__end_of_Sensor_setInactive                        text27       00000
__end_of_Sensor_setSampled                         text22       00000
__end_of_Sensor_setScanFunction                    text31       006AE
__end_of_TMR0_DefaultInterruptHandler              text66       006B1
__end_of_TMR0_ISR                                  text65       005FA
__end_of_TMR0_Initialize                           text3        005D0
__end_of_TMR0_Interrupt_Disable                    text50       006AA
__end_of_TMR0_Interrupt_Enable                     text47       006A4
__end_of_TMR0_Reload                               text46       006A1
__end_of_TMR0_SetInterruptHandler                  text4        0068C
__end_of_User_Proximity_Actived_Callback           text45       005A1
__end_of_User_Proximity_Deactived_Callback         text43       005C1
__end_of_User_TMR0_InterruptHandler                text67       00634
__end_of_WDT_Initialize                            text2        0069A
__end_of___bmul                                    text60       00613
__end_of__initialization                           cinit        0001D
__end_of_abs                                       text26       0050C
__end_of_main                                      maintext     0057E
__end_of_memcpy                                    text12       00488
__end_of_mtouch_proximity_init                     stringtext1  0056C
__initialization                                   cinit        0000D
__pbssBANK0                                        bssBANK0     00020
__pcstackBANK0                                     cstackBANK0  0004E
__pcstackCOMMON                                    cstackCOMMON 00070
__pdataBANK0                                       dataBANK0    0003B
__pidataBANK0                                      idataBANK0   00534
__pintentry                                        intentry     00004
__pmaintext                                        maintext     0056C
__pnvBANK0                                         nvBANK0      0005F
__pstringtext1                                     stringtext1  0055A
__pswtext1                                         swtext1      00003
__pswtext2                                         swtext2      00001
__ptext1                                           text1        00682
__ptext10                                          text10       005FA
__ptext11                                          text11       00613
__ptext12                                          text12       00468
__ptext13                                          text13       005D0
__ptext14                                          text14       006AA
__ptext15                                          text15       006AB
__ptext16                                          text16       006A4
__ptext17                                          text17       00488
__ptext18                                          text18       0050C
__ptext19                                          text19       00000
__ptext2                                           text2        00696
__ptext20                                          text20       00648
__ptext21                                          text21       002DE
__ptext22                                          text22       00000
__ptext23                                          text23       0057E
__ptext24                                          text24       006AC
__ptext25                                          text25       0031A
__ptext26                                          text26       004F5
__ptext27                                          text27       00000
__ptext28                                          text28       00000
__ptext29                                          text29       0061E
__ptext3                                           text3        005C1
__ptext30                                          text30       00355
__ptext31                                          text31       006AD
__ptext32                                          text32       0024B
__ptext33                                          text33       0041E
__ptext34                                          text34       00443
__ptext35                                          text35       0068C
__ptext36                                          text36       0063E
__ptext37                                          text37       00669
__ptext38                                          text38       006A6
__ptext39                                          text39       0038F
__ptext4                                           text4        00687
__ptext40                                          text40       00188
__ptext41                                          text41       003C7
__ptext42                                          text42       000E2
__ptext43                                          text43       005B1
__ptext44                                          text44       006AE
__ptext45                                          text45       00590
__ptext46                                          text46       0069E
__ptext47                                          text47       006A1
__ptext48                                          text48       00297
__ptext49                                          text49       003F7
__ptext5                                           text5        005A1
__ptext50                                          text50       006A8
__ptext51                                          text51       004A8
__ptext52                                          text52       00651
__ptext53                                          text53       001EE
__ptext54                                          text54       00547
__ptext55                                          text55       00020
__ptext56                                          text56       004C4
__ptext57                                          text57       00520
__ptext58                                          text58       004DD
__ptext59                                          text59       005DE
__ptext6                                           text6        00662
__ptext60                                          text60       00607
__ptext61                                          text61       006AF
__ptext62                                          text62       00691
__ptext63                                          text63       0067C
__ptext65                                          text65       005EC
__ptext66                                          text66       006B0
__ptext67                                          text67       00629
__ptext7                                           text7        0069A
__ptext8                                           text8        0065A
__ptext9                                           text9        00634
__size_of_INTERRUPT_InterruptManager               (abs)        00000
__size_of_MTOUCH_CVD_ScanA_0                       (abs)        00000
__size_of_MTOUCH_CVD_ScanB_0                       (abs)        00000
__size_of_MTOUCH_Delay                             (abs)        00000
__size_of_MTOUCH_Initialize                        (abs)        00000
__size_of_MTOUCH_Proximity_Baseline_Get            (abs)        00000
__size_of_MTOUCH_Proximity_Initialize              (abs)        00000
__size_of_MTOUCH_Proximity_InitializeAll           (abs)        00000
__size_of_MTOUCH_Proximity_Reading_Get             (abs)        00000
__size_of_MTOUCH_Proximity_ServiceAll              (abs)        00000
__size_of_MTOUCH_Proximity_SetActivatedCallback    (abs)        00000
__size_of_MTOUCH_Proximity_SetNotActivatedCallback (abs)        00000
__size_of_MTOUCH_Proximity_Tick                    (abs)        00000
__size_of_MTOUCH_Random                            (abs)        00000
__size_of_MTOUCH_Sensor_Enable                     (abs)        00000
__size_of_MTOUCH_Sensor_Initialize                 (abs)        00000
__size_of_MTOUCH_Sensor_InitializeAll              (abs)        00000
__size_of_MTOUCH_Sensor_RawSample_Get              (abs)        00000
__size_of_MTOUCH_Sensor_SampleAll                  (abs)        00000
__size_of_MTOUCH_Sensor_Sampled_ResetAll           (abs)        00000
__size_of_MTOUCH_Sensor_Scan_Initialize            (abs)        00000
__size_of_MTOUCH_Sensor_isCalibrated               (abs)        00000
__size_of_MTOUCH_Sensor_wasSampled                 (abs)        00000
__size_of_MTOUCH_Service_Mainloop                  (abs)        00000
__size_of_MTOUCH_Tick                              (abs)        00000
__size_of_MTOUCH_needReburst                       (abs)        00000
__size_of_OSCILLATOR_Initialize                    (abs)        00000
__size_of_PIN_MANAGER_Initialize                   (abs)        00000
__size_of_Proximity_Baseline_Get_helper            (abs)        00000
__size_of_Proximity_Baseline_Initialize            (abs)        00000
__size_of_Proximity_Baseline_Update                (abs)        00000
__size_of_Proximity_DefaultCallback                (abs)        00000
__size_of_Proximity_Deviation_Update               (abs)        00000
__size_of_Proximity_Reading_Update                 (abs)        00000
__size_of_Proximity_Reading_Update_Helper          (abs)        00000
__size_of_Proximity_Service                        (abs)        00000
__size_of_Proximity_State_Activated                (abs)        00000
__size_of_Proximity_State_Initializing             (abs)        00000
__size_of_Proximity_State_NotActivated             (abs)        00000
__size_of_Proximity_Tick_helper                    (abs)        00000
__size_of_SYSTEM_Initialize                        (abs)        00000
__size_of_Sensor_Acq_ExecutePacket                 (abs)        00000
__size_of_Sensor_Acq_ExecuteScan                   (abs)        00000
__size_of_Sensor_Acquisition                       (abs)        00000
__size_of_Sensor_DefaultCallback                   (abs)        00000
__size_of_Sensor_RawSample_Update                  (abs)        00000
__size_of_Sensor_Sampled_Reset                     (abs)        00000
__size_of_Sensor_Service                           (abs)        00000
__size_of_Sensor_isEnabled                         (abs)        00000
__size_of_Sensor_setActive                         (abs)        00000
__size_of_Sensor_setInactive                       (abs)        00000
__size_of_Sensor_setSampled                        (abs)        00000
__size_of_Sensor_setScanFunction                   (abs)        00000
__size_of_TMR0_DefaultInterruptHandler             (abs)        00000
__size_of_TMR0_ISR                                 (abs)        00000
__size_of_TMR0_Initialize                          (abs)        00000
__size_of_TMR0_Interrupt_Disable                   (abs)        00000
__size_of_TMR0_Interrupt_Enable                    (abs)        00000
__size_of_TMR0_Reload                              (abs)        00000
__size_of_TMR0_SetInterruptHandler                 (abs)        00000
__size_of_User_Proximity_Actived_Callback          (abs)        00000
__size_of_User_Proximity_Deactived_Callback        (abs)        00000
__size_of_User_TMR0_InterruptHandler               (abs)        00000
__size_of_WDT_Initialize                           (abs)        00000
__size_of___bmul                                   (abs)        00000
__size_of_abs                                      (abs)        00000
__size_of_main                                     (abs)        00000
__size_of_memcpy                                   (abs)        00000
_abs                                               text26       004F5
_callback_activated                                dataBANK0    00043
_callback_notActivated                             dataBANK0    00041
_currentScannSensor                                bssBANK0     00027
_inlined$_Sensor_Sampled_Reset                     (abs)        00001
_inlined$_Sensor_setActive                         (abs)        00001
_inlined$_Sensor_setInactive                       (abs)        00001
_inlined$_Sensor_setSampled                        (abs)        00001
_main                                              maintext     0056C
_memcpy                                            text12       00468
_mtouch_proximity                                  bssBANK0     00029
_mtouch_proximity_init                             stringtext1  0055A
_mtouch_sensor                                     dataBANK0    00045
_mtouch_time_toScan                                bssBANK0     00022
_packet_counter                                    bssBANK0     00026
_packet_sample                                     bssBANK0     00020
_sample_delay                                      bssBANK0     00025
_sensor_globalFlags                                bssBANK0     00028
_timer0ReloadVal                                   nvBANK0      00061
abs@a                                              cstackCOMMON 00070
btemp                                              (abs)        0007E
clear_ram0                                         clrtext      00676
end_of_initialization                              cinit        0001D
init_ram                                           inittext     00670
int$flags                                          (abs)        0007E
intlevel0                                          functab      00000
intlevel1                                          functab      00000
intlevel2                                          functab      00000
intlevel3                                          functab      00000
intlevel4                                          functab      00000
intlevel5                                          functab      00000
memcpy@d                                           cstackCOMMON 00078
memcpy@d1                                          cstackCOMMON 00077
memcpy@n                                           cstackCOMMON 00072
memcpy@s                                           cstackCOMMON 00074
memcpy@s1                                          cstackCOMMON 00070
memcpy@tmp                                         cstackCOMMON 00076
reset_vec                                          reset_vec    00000
start                                              init         0000C
start_initialization                               cinit        0000D
wtemp0                                             (abs)        0007E


FUNCTION INFORMATION:

 *************** function _main *****************
 Defined at:
		line 50 in file "main.c"
 Parameters:    Size  Location     Type
		None
 Auto vars:     Size  Location     Type
		None
 Return value:  Size  Location     Type
                  1    wreg      void 
 Registers used:
		wreg, fsr0l, fsr0h, fsr1l, fsr1h, status,2, status,0, pclath, cstack
 Tracked objects:
		On entry : 
		On exit  : 
		Unchanged: 
 Data sizes:     COMMON   BANK0   BANK1   BANK2
      Params:         0       0       0       0
      Locals:         0       0       0       0
      Temps:          0       0       0       0
      Totals:         0       0       0       0
Total ram usage:        0 bytes
 Hardware stack levels required when called:   10
 This function calls:
		_MTOUCH_Proximity_SetActivatedCallback
		_MTOUCH_Proximity_SetNotActivatedCallback
		_MTOUCH_Service_Mainloop
		_SYSTEM_Initialize
		_TMR0_SetInterruptHandler
 This function is called by:
		Startup code after reset
 This function uses a non-reentrant model


 *************** function _SYSTEM_Initialize *****************
 Defined at:
		line 50 in file "mcc_generated_files/mcc.c"
 Parameters:    Size  Location     Type
		None
 Auto vars:     Size  Location     Type
		None
 Return value:  Size  Location     Type
                  1    wreg      void 
 Registers used:
		wreg, fsr0l, fsr0h, fsr1l, fsr1h, status,2, status,0, pclath, cstack
 Tracked objects:
		On entry : 
		On exit  : 
		Unchanged: 
 Data sizes:     COMMON   BANK0   BANK1   BANK2
      Params:         0       0       0       0
      Locals:         0       0       0       0
      Temps:          0       0       0       0
      Totals:         0       0       0       0
Total ram usage:        0 bytes
 Hardware stack levels used:    1
 Hardware stack levels required when called:    8
 This function calls:
		_MTOUCH_Initialize
		_OSCILLATOR_Initialize
		_PIN_MANAGER_Initialize
		_TMR0_Initialize
		_WDT_Initialize
 This function is called by:
		_main
 This function uses a non-reentrant model


 *************** function _WDT_Initialize *****************
 Defined at:
		line 70 in file "mcc_generated_files/mcc.c"
 Parameters:    Size  Location     Type
		None
 Auto vars:     Size  Location     Type
		None
 Return value:  Size  Location     Type
                  1    wreg      void 
 Registers used:
		wreg
 Tracked objects:
		On entry : 
		On exit  : 
		Unchanged: 
 Data sizes:     COMMON   BANK0   BANK1   BANK2
      Params:         0       0       0       0
      Locals:         0       0       0       0
      Temps:          0       0       0       0
      Totals:         0       0       0       0
Total ram usage:        0 bytes
 Hardware stack levels used:    1
 Hardware stack levels required when called:    3
 This function calls:
		Nothing
 This function is called by:
		_SYSTEM_Initialize
 This function uses a non-reentrant model


 *************** function _TMR0_Initialize *****************
 Defined at:
		line 68 in file "mcc_generated_files/tmr0.c"
 Parameters:    Size  Location     Type
		None
 Auto vars:     Size  Location     Type
		None
 Return value:  Size  Location     Type
                  1    wreg      void 
 Registers used:
		wreg, status,2, status,0, pclath, cstack
 Tracked objects:
		On entry : 
		On exit  : 
		Unchanged: 
 Data sizes:     COMMON   BANK0   BANK1   BANK2
      Params:         0       0       0       0
      Locals:         0       0       0       0
      Temps:          0       0       0       0
      Totals:         0       0       0       0
Total ram usage:        0 bytes
 Hardware stack levels used:    1
 Hardware stack levels required when called:    4
 This function calls:
		_TMR0_SetInterruptHandler
 This function is called by:
		_SYSTEM_Initialize
 This function uses a non-reentrant model


 *************** function _TMR0_SetInterruptHandler *****************
 Defined at:
		line 130 in file "mcc_generated_files/tmr0.c"
 Parameters:    Size  Location     Type
  InterruptHan    2    0[COMMON] PTR FTN()void 
		 -> TMR0_DefaultInterruptHandler(1), User_TMR0_InterruptHandler(1), 
 Auto vars:     Size  Location     Type
		None
 Return value:  Size  Location     Type
                  1    wreg      void 
 Registers used:
		wreg
 Tracked objects:
		On entry : 
		On exit  : 
		Unchanged: 
 Data sizes:     COMMON   BANK0   BANK1   BANK2
      Params:         2       0       0       0
      Locals:         0       0       0       0
      Temps:          0       0       0       0
      Totals:         2       0       0       0
Total ram usage:        2 bytes
 Hardware stack levels used:    1
 Hardware stack levels required when called:    3
 This function calls:
		Nothing
 This function is called by:
		_main
		_TMR0_Initialize
 This function uses a non-reentrant model


 *************** function _PIN_MANAGER_Initialize *****************
 Defined at:
		line 55 in file "mcc_generated_files/pin_manager.c"
 Parameters:    Size  Location     Type
		None
 Auto vars:     Size  Location     Type
		None
 Return value:  Size  Location     Type
                  1    wreg      void 
 Registers used:
		wreg, status,2
 Tracked objects:
		On entry : 
		On exit  : 
		Unchanged: 
 Data sizes:     COMMON   BANK0   BANK1   BANK2
      Params:         0       0       0       0
      Locals:         0       0       0       0
      Temps:          0       0       0       0
      Totals:         0       0       0       0
Total ram usage:        0 bytes
 Hardware stack levels used:    1
 Hardware stack levels required when called:    3
 This function calls:
		Nothing
 This function is called by:
		_SYSTEM_Initialize
 This function uses a non-reentrant model


 *************** function _OSCILLATOR_Initialize *****************
 Defined at:
		line 60 in file "mcc_generated_files/mcc.c"
 Parameters:    Size  Location     Type
		None
 Auto vars:     Size  Location     Type
		None
 Return value:  Size  Location     Type
                  1    wreg      void 
 Registers used:
		wreg, status,2
 Tracked objects:
		On entry : 
		On exit  : 
		Unchanged: 
 Data sizes:     COMMON   BANK0   BANK1   BANK2
      Params:         0       0       0       0
      Locals:         0       0       0       0
      Temps:          0       0       0       0
      Totals:         0       0       0       0
Total ram usage:        0 bytes
 Hardware stack levels used:    1
 Hardware stack levels required when called:    3
 This function calls:
		Nothing
 This function is called by:
		_SYSTEM_Initialize
 This function uses a non-reentrant model


 *************** function _MTOUCH_Initialize *****************
 Defined at:
		line 79 in file "mcc_generated_files/mtouch/mtouch.c"
 Parameters:    Size  Location     Type
		None
 Auto vars:     Size  Location     Type
		None
 Return value:  Size  Location     Type
                  1    wreg      void 
 Registers used:
		wreg, fsr0l, fsr0h, fsr1l, fsr1h, status,2, status,0, pclath, cstack
 Tracked objects:
		On entry : 
		On exit  : 
		Unchanged: 
 Data sizes:     COMMON   BANK0   BANK1   BANK2
      Params:         0       0       0       0
      Locals:         0       0       0       0
      Temps:          0       0       0       0
      Totals:         0       0       0       0
Total ram usage:        0 bytes
 Hardware stack levels used:    1
 Hardware stack levels required when called:    7
 This function calls:
		_MTOUCH_Proximity_InitializeAll
		_MTOUCH_Sensor_InitializeAll
		_MTOUCH_Sensor_Sampled_ResetAll
		_MTOUCH_Sensor_Scan_Initialize
 This function is called by:
		_SYSTEM_Initialize
 This function uses a non-reentrant model


 *************** function _MTOUCH_Sensor_InitializeAll *****************
 Defined at:
		line 156 in file "mcc_generated_files/mtouch/mtouch_sensor.c"
 Parameters:    Size  Location     Type
		None
 Auto vars:     Size  Location     Type
  sensor          1    5[COMMON] enum E1336
 Return value:  Size  Location     Type
                  1    wreg      void 
 Registers used:
		wreg, fsr1l, fsr1h, status,2, status,0, pclath, cstack
 Tracked objects:
		On entry : 
		On exit  : 
		Unchanged: 
 Data sizes:     COMMON   BANK0   BANK1   BANK2
      Params:         0       0       0       0
      Locals:         1       0       0       0
      Temps:          0       0       0       0
      Totals:         1       0       0       0
Total ram usage:        1 bytes
 Hardware stack levels used:    1
 Hardware stack levels required when called:    6
 This function calls:
		_MTOUCH_Sensor_Initialize
 This function is called by:
		_MTOUCH_Initialize
 This function uses a non-reentrant model


 *************** function _MTOUCH_Sensor_Initialize *****************
 Defined at:
		line 142 in file "mcc_generated_files/mtouch/mtouch_sensor.c"
 Parameters:    Size  Location     Type
  sensor          1    wreg     enum E1336
 Auto vars:     Size  Location     Type
  sensor          1    4[COMMON] enum E1336
 Return value:  Size  Location     Type
                  1    wreg      enum E1338
 Registers used:
		wreg, fsr1l, fsr1h, status,2, status,0, pclath, cstack
 Tracked objects:
		On entry : 
		On exit  : 
		Unchanged: 
 Data sizes:     COMMON   BANK0   BANK1   BANK2
      Params:         0       0       0       0
      Locals:         1       0       0       0
      Temps:          0       0       0       0
      Totals:         1       0       0       0
Total ram usage:        1 bytes
 Hardware stack levels used:    1
 Hardware stack levels required when called:    5
 This function calls:
		_MTOUCH_Sensor_Enable
		_Sensor_Sampled_Reset
		___bmul
 This function is called by:
		_MTOUCH_Sensor_InitializeAll
 This function uses a non-reentrant model


 *************** function _MTOUCH_Sensor_Enable *****************
 Defined at:
		line 478 in file "mcc_generated_files/mtouch/mtouch_sensor.c"
 Parameters:    Size  Location     Type
  sensor          1    wreg     enum E1336
 Auto vars:     Size  Location     Type
  sensor          1    3[COMMON] enum E1336
 Return value:  Size  Location     Type
                  1    wreg      void 
 Registers used:
		wreg, fsr1l, fsr1h, status,2, status,0, pclath, cstack
 Tracked objects:
		On entry : 
		On exit  : 
		Unchanged: 
 Data sizes:     COMMON   BANK0   BANK1   BANK2
      Params:         0       0       0       0
      Locals:         1       0       0       0
      Temps:          0       0       0       0
      Totals:         1       0       0       0
Total ram usage:        1 bytes
 Hardware stack levels used:    1
 Hardware stack levels required when called:    4
 This function calls:
		___bmul
 This function is called by:
		_MTOUCH_Sensor_Initialize
 This function uses a non-reentrant model


 *************** function _MTOUCH_Proximity_InitializeAll *****************
 Defined at:
		line 169 in file "mcc_generated_files/mtouch/mtouch_proximity.c"
 Parameters:    Size  Location     Type
		None
 Auto vars:     Size  Location     Type
		None
 Return value:  Size  Location     Type
                  1    wreg      void 
 Registers used:
		wreg, fsr0l, fsr0h, fsr1l, fsr1h, status,2, status,0, pclath, cstack
 Tracked objects:
		On entry : 
		On exit  : 
		Unchanged: 
 Data sizes:     COMMON   BANK0   BANK1   BANK2
      Params:         0       0       0       0
      Locals:         0       0       0       0
      Temps:          0       0       0       0
      Totals:         0       0       0       0
Total ram usage:        0 bytes
 Hardware stack levels used:    1
 Hardware stack levels required when called:    4
 This function calls:
		_MTOUCH_Proximity_Initialize
		_memcpy
 This function is called by:
		_MTOUCH_Initialize
 This function uses a non-reentrant model


 *************** function _memcpy *****************
 Defined at:
		line 4 in file "C:\Program Files (x86)\Microchip\xc8\v2.10\pic\sources\c99\common\memcpy.c"
 Parameters:    Size  Location     Type
  d1              1    wreg     PTR void 
		 -> mtouch_proximity(18), 
  s1              2    0[COMMON] PTR const void 
		 -> mtouch_proximity_init(18), 
  n               2    2[COMMON] unsigned int 
 Auto vars:     Size  Location     Type
  d1              1    7[COMMON] PTR void 
		 -> mtouch_proximity(18), 
  s               2    4[COMMON] PTR const unsigned char 
		 -> mtouch_proximity_init(18), 
  d               1    8[COMMON] PTR unsigned char 
[...]
 Parameters:    Size  Location     Type
  name            1    wreg     enum E1336
 Auto vars:     Size  Location     Type
  name            1    6[COMMON] enum E1336
 Return value:  Size  Location     Type
                  2    3[COMMON] unsigned short 
 Registers used:
		wreg, fsr1l, fsr1h, status,2, status,0, pclath, cstack
 Tracked objects:
		On entry : 
		On exit  : 
		Unchanged: 
 Data sizes:     COMMON   BANK0   BANK1   BANK2
      Params:         3       0       0       0
      Locals:         1       0       0       0
      Temps:          0       0       0       0
      Totals:         4       0       0       0
Total ram usage:        4 bytes
 Hardware stack levels used:    1
 Hardware stack levels required when called:    4
 This function calls:
		___bmul
 This function is called by:
		_Proximity_Reading_Update_Helper
		_Proximity_Baseline_Initialize
 This function uses a non-reentrant model


 *************** function _Proximity_Deviation_Update *****************
 Defined at:
		line 360 in file "mcc_generated_files/mtouch/mtouch_proximity.c"
 Parameters:    Size  Location     Type
  name            1    wreg     enum E1553
 Auto vars:     Size  Location     Type
  name            1   14[BANK0 ] enum E1553
  deviation       4   10[BANK0 ] long 
 Return value:  Size  Location     Type
                  1    wreg      void 
 Registers used:
		wreg, fsr1l, fsr1h, status,2, status,0, pclath, cstack
 Tracked objects:
		On entry : 
		On exit  : 
		Unchanged: 
 Data sizes:     COMMON   BANK0   BANK1   BANK2
      Params:         0       0       0       0
      Locals:         0       5       0       0
      Temps:          0      10       0       0
      Totals:         0      15       0       0
Total ram usage:       15 bytes
 Hardware stack levels used:    1
 Hardware stack levels required when called:    5
 This function calls:
		_MTOUCH_Proximity_Baseline_Get
		_MTOUCH_Proximity_Reading_Get
 This function is called by:
		_Proximity_Service
 This function uses a non-reentrant model


 *************** function _MTOUCH_Proximity_Reading_Get *****************
 Defined at:
		line 403 in file "mcc_generated_files/mtouch/mtouch_proximity.c"
 Parameters:    Size  Location     Type
  name            1    wreg     enum E1553
 Auto vars:     Size  Location     Type
  name            1    5[COMMON] enum E1553
 Return value:  Size  Location     Type
                  4    0[COMMON] unsigned long 
 Registers used:
		wreg, fsr1l, fsr1h, status,2, status,0
 Tracked objects:
		On entry : 
		On exit  : 
		Unchanged: 
 Data sizes:     COMMON   BANK0   BANK1   BANK2
      Params:         5       0       0       0
      Locals:         1       0       0       0
      Temps:          0       0       0       0
      Totals:         6       0       0       0
Total ram usage:        6 bytes
 Hardware stack levels used:    1
 Hardware stack levels required when called:    3
 This function calls:
		Nothing
 This function is called by:
		_Proximity_State_NotActivated
		_Proximity_Deviation_Update
 This function uses a non-reentrant model


 *************** function _MTOUCH_Proximity_Baseline_Get *****************
 Defined at:
		line 459 in file "mcc_generated_files/mtouch/mtouch_proximity.c"
 Parameters:    Size  Location     Type
  name            1    wreg     enum E1553
 Auto vars:     Size  Location     Type
  name            1   11[COMMON] enum E1553
 Return value:  Size  Location     Type
                  4    6[COMMON] unsigned long 
 Registers used:
		wreg, fsr1l, fsr1h, status,2, status,0, pclath, cstack
 Tracked objects:
		On entry : 
		On exit  : 
		Unchanged: 
 Data sizes:     COMMON   BANK0   BANK1   BANK2
      Params:         5       0       0       0
      Locals:         1       0       0       0
      Temps:          0       0       0       0
      Totals:         6       0       0       0
Total ram usage:        6 bytes
 Hardware stack levels used:    1
 Hardware stack levels required when called:    4
 This function calls:
		_Proximity_Baseline_Get_helper
 This function is called by:
		_Proximity_State_NotActivated
		_Proximity_Deviation_Update
 This function uses a non-reentrant model


 *************** function _Proximity_Baseline_Get_helper *****************
 Defined at:
		line 468 in file "mcc_generated_files/mtouch/mtouch_proximity.c"
 Parameters:    Size  Location     Type
  name            1    wreg     enum E1553
 Auto vars:     Size  Location     Type
  name            1    5[COMMON] enum E1553
 Return value:  Size  Location     Type
                  4    0[COMMON] unsigned long 
 Registers used:
		wreg, fsr1l, fsr1h, status,2, status,0
 Tracked objects:
		On entry : 
		On exit  : 
		Unchanged: 
 Data sizes:     COMMON   BANK0   BANK1   BANK2
      Params:         5       0       0       0
      Locals:         1       0       0       0
      Temps:          0       0       0       0
      Totals:         6       0       0       0
Total ram usage:        6 bytes
 Hardware stack levels used:    1
 Hardware stack levels required when called:    3
 This function calls:
		Nothing
 This function is called by:
		_MTOUCH_Proximity_Baseline_Get
 This function uses a non-reentrant model


 *************** function _MTOUCH_Sensor_wasSampled *****************
 Defined at:
		line 553 in file "mcc_generated_files/mtouch/mtouch_sensor.c"
 Parameters:    Size  Location     Type
  sensor          1    wreg     enum E1336
 Auto vars:     Size  Location     Type
  sensor          1    3[COMMON] enum E1336
 Return value:  Size  Location     Type
                  1    wreg      _Bool 
 Registers used:
		wreg, fsr1l, fsr1h, status,2, status,0, pclath, cstack
 Tracked objects:
		On entry : 
		On exit  : 
		Unchanged: 
 Data sizes:     COMMON   BANK0   BANK1   BANK2
      Params:         0       0       0       0
      Locals:         1       0       0       0
      Temps:          0       0       0       0
      Totals:         1       0       0       0
Total ram usage:        1 bytes
 Hardware stack levels used:    1
 Hardware stack levels required when called:    4
 This function calls:
		___bmul
 This function is called by:
		_Proximity_Service
 This function uses a non-reentrant model


 *************** function ___bmul *****************
 Defined at:
		line 4 in file "C:\Program Files (x86)\Microchip\xc8\v2.10\pic\sources\c99\common\Umul8.c"
 Parameters:    Size  Location     Type
  multiplier      1    wreg     unsigned char 
  multiplicand    1    0[COMMON] unsigned char 
 Auto vars:     Size  Location     Type
  multiplier      1    2[COMMON] unsigned char 
  product         1    1[COMMON] unsigned char 
 Return value:  Size  Location     Type
                  1    wreg      unsigned char 
 Registers used:
		wreg, status,2, status,0
 Tracked objects:
		On entry : 
		On exit  : 
		Unchanged: 
 Data sizes:     COMMON   BANK0   BANK1   BANK2
      Params:         1       0       0       0
      Locals:         2       0       0       0
      Temps:          0       0       0       0
      Totals:         3       0       0       0
Total ram usage:        3 bytes
 Hardware stack levels used:    1
 Hardware stack levels required when called:    3
 This function calls:
		Nothing
 This function is called by:
		_MTOUCH_Sensor_Initialize
		_Sensor_Service
		_Sensor_Acq_ExecuteScan
		_MTOUCH_Sensor_RawSample_Get
		_MTOUCH_Sensor_Enable
		_MTOUCH_Sensor_wasSampled
 This function uses a non-reentrant model


 *************** function _MTOUCH_Sensor_isCalibrated *****************
 Defined at:
		line 526 in file "mcc_generated_files/mtouch/mtouch_sensor.c"
 Parameters:    Size  Location     Type
  sensor          1    wreg     enum E1336
 Auto vars:     Size  Location     Type
  sensor          1    0[COMMON] enum E1336
 Return value:  Size  Location     Type
                  1    wreg      _Bool 
 Registers used:
		wreg
 Tracked objects:
		On entry : 
		On exit  : 
		Unchanged: 
 Data sizes:     COMMON   BANK0   BANK1   BANK2
      Params:         0       0       0       0
      Locals:         0       0       0       0
      Temps:          0       0       0       0
      Totals:         0       0       0       0
Total ram usage:        0 bytes
 Hardware stack levels used:    1
 Hardware stack levels required when called:    3
 This function calls:
		Nothing
 This function is called by:
		_Proximity_Service
 This function uses a non-reentrant model


 *************** function _MTOUCH_Proximity_SetNotActivatedCallback *****************
 Defined at:
		line 484 in file "mcc_generated_files/mtouch/mtouch_proximity.c"
 Parameters:    Size  Location     Type
  callback        2    0[COMMON] PTR FTN(enum E1553,)void
		 -> User_Proximity_Deactived_Callback(1), 
 Auto vars:     Size  Location     Type
		None
 Return value:  Size  Location     Type
                  1    wreg      void 
 Registers used:
		wreg
 Tracked objects:
		On entry : 
		On exit  : 
		Unchanged: 
 Data sizes:     COMMON   BANK0   BANK1   BANK2
      Params:         2       0       0       0
      Locals:         0       0       0       0
      Temps:          0       0       0       0
      Totals:         2       0       0       0
Total ram usage:        2 bytes
 Hardware stack levels used:    1
 Hardware stack levels required when called:    3
 This function calls:
		Nothing
 This function is called by:
		_main
 This function uses a non-reentrant model


 *************** function _MTOUCH_Proximity_SetActivatedCallback *****************
 Defined at:
		line 480 in file "mcc_generated_files/mtouch/mtouch_proximity.c"
 Parameters:    Size  Location     Type
  callback        2    0[COMMON] PTR FTN(enum E1553,)void
		 -> User_Proximity_Actived_Callback(1), 
 Auto vars:     Size  Location     Type
		None
 Return value:  Size  Location     Type
                  1    wreg      void 
 Registers used:
		wreg
 Tracked objects:
		On entry : 
		On exit  : 
		Unchanged: 
 Data sizes:     COMMON   BANK0   BANK1   BANK2
      Params:         2       0       0       0
      Locals:         0       0       0       0
      Temps:          0       0       0       0
      Totals:         2       0       0       0
Total ram usage:        2 bytes
 Hardware stack levels used:    1
 Hardware stack levels required when called:    3
 This function calls:
		Nothing
 This function is called by:
		_main
 This function uses a non-reentrant model


 *************** function _INTERRUPT_InterruptManager *****************
 Defined at:
		line 52 in file "mcc_generated_files/interrupt_manager.c"
 Parameters:    Size  Location     Type
		None
 Auto vars:     Size  Location     Type
		None
 Return value:  Size  Location     Type
                  1    wreg      void 
 Registers used:
		wreg, status,2, status,0, pclath, cstack
 Tracked objects:
		On entry : 
		On exit  : 
		Unchanged: 
 Data sizes:     COMMON   BANK0   BANK1   BANK2
      Params:         0       0       0       0
      Locals:         0       0       0       0
      Temps:          0       0       0       0
      Totals:         0       0       0       0
Total ram usage:        0 bytes
 Hardware stack levels used:    1
 Hardware stack levels required when called:    2
 This function calls:
		_TMR0_ISR
 This function is called by:
		Interrupt level 1
 This function uses a non-reentrant model


 *************** function _TMR0_ISR *****************
 Defined at:
		line 113 in file "mcc_generated_files/tmr0.c"
 Parameters:    Size  Location     Type
		None
 Auto vars:     Size  Location     Type
		None
 Return value:  Size  Location     Type
                  1    wreg      void 
 Registers used:
		wreg, status,2, status,0, pclath, cstack
 Tracked objects:
		On entry : 
		On exit  : 
		Unchanged: 
 Data sizes:     COMMON   BANK0   BANK1   BANK2
      Params:         0       0       0       0
      Locals:         0       0       0       0
      Temps:          0       0       0       0
      Totals:         0       0       0       0
Total ram usage:        0 bytes
 Hardware stack levels used:    1
 Hardware stack levels required when called:    1
 This function calls:
		Absolute function
		_TMR0_DefaultInterruptHandler
		_User_TMR0_InterruptHandler
 This function is called by:
		_INTERRUPT_InterruptManager
 This function uses a non-reentrant model


 *************** function _TMR0_DefaultInterruptHandler *****************
 Defined at:
		line 134 in file "mcc_generated_files/tmr0.c"
 Parameters:    Size  Location     Type
		None
 Auto vars:     Size  Location     Type
		None
 Return value:  Size  Location     Type
                  1    wreg      void 
 Registers used:
		None
 Tracked objects:
		On entry : 
		On exit  : 
		Unchanged: 
 Data sizes:     COMMON   BANK0   BANK1   BANK2
      Params:         0       0       0       0
      Locals:         0       0       0       0
      Temps:          0       0       0       0
      Totals:         0       0       0       0
Total ram usage:        0 bytes
 Hardware stack levels used:    1
 This function calls:
		Nothing
 This function is called by:
		_TMR0_Initialize
		_TMR0_ISR
 This function uses a non-reentrant model


 *************** function _User_TMR0_InterruptHandler *****************
 Defined at:
		line 154 in file "mcc_generated_files/tmr0.c"
 Parameters:    Size  Location     Type
		None
 Auto vars:     Size  Location     Type
		None
 Return value:  Size  Location     Type
                  1    wreg      void 
 Registers used:
		wreg, status,2, status,0
 Tracked objects:
		On entry : 
		On exit  : 
		Unchanged: 
 Data sizes:     COMMON   BANK0   BANK1   BANK2
      Params:         0       0       0       0
      Locals:         0       0       0       0
      Temps:          0       0       0       0
      Totals:         0       0       0       0
Total ram usage:        0 bytes
 Hardware stack levels used:    1
 This function calls:
		Nothing
 This function is called by:
		_main
		_TMR0_ISR
 This function uses a non-reentrant model



MODULE INFORMATION

Module		Function		Class		Link	Load	Size
mcc_generated_files/interrupt_manager.c
		_INTERRUPT_InterruptManager		CODE           	0004	0000	9

mcc_generated_files/interrupt_manager.c estimated size: 9

mcc_generated_files/tmr0.c
		_TMR0_SetInterruptHandler		CODE           	0687	0000	6
		_User_TMR0_InterruptHandler		CODE           	0629	0000	12
		_TMR0_Reload   		CODE           	069E	0000	4
		_TMR0_Interrupt_Enable		CODE           	06A1	0000	4
		_TMR0_DefaultInterruptHandler		CODE           	06B0	0000	2
		_TMR0_ISR      		CODE           	05EC	0000	15
		_TMR0_Interrupt_Disable		CODE           	06A8	0000	3
		_TMR0_Initialize		CODE           	05C1	0000	16

mcc_generated_files/tmr0.c estimated size: 62

mcc_generated_files/mtouch/mtouch.c
		_MTOUCH_Tick   		CODE           	06AB	0000	2
		_MTOUCH_Initialize		CODE           	069A	0000	5
		_MTOUCH_Service_Mainloop		CODE           	05D0	0000	15
		_MTOUCH_needReburst		CODE           	06AA	0000	2

mcc_generated_files/mtouch/mtouch.c estimated size: 24

mcc_generated_files/pin_manager.c
		_PIN_MANAGER_Initialize		CODE           	05A1	0000	17

mcc_generated_files/pin_manager.c estimated size: 17

C:\Program Files (x86)\Microchip\xc8\v2.10\pic\sources\c99\common\Umul8.c
		___bmul        		CODE           	0607	0000	13

C:\Program Files (x86)\Microchip\xc8\v2.10\pic\sources\c99\common\Umul8.c estimated size: 13

mcc_generated_files/mtouch/mtouch_proximity.c
		_MTOUCH_Proximity_SetNotActivatedCallback		CODE           	0691	0000	6
		_Proximity_Baseline_Initialize		CODE           	03F7	0000	40
		_Proximity_Reading_Update		CODE           	0651	0000	10
		_Proximity_State_NotActivated		CODE           	00E2	0000	142
		_Proximity_Service		CODE           	038F	0000	52
		_MTOUCH_Proximity_Initialize		CODE           	04A8	0000	29
		_Proximity_Baseline_Update		CODE           	0297	0000	11
		_MTOUCH_Proximity_Tick		CODE           	06A4	0000	3
		_User_Proximity_Deactived_Callback		CODE           	05B1	0000	17
		_Proximity_DefaultCallback		CODE           	06AE	0000	2
		_Proximity_State_Activated		CODE           	0188	0000	96
		_MTOUCH_Proximity_Baseline_Get		CODE           	0520	0000	21
		_User_Proximity_Actived_Callback		CODE           	0590	0000	18
		_Proximity_Baseline_Get_helper		CODE           	04DD	0000	25
		_MTOUCH_Proximity_InitializeAll		CODE           	0613	0000	12
		_Proximity_State_Initializing		CODE           	03C7	0000	37
		_Proximity_Reading_Update_Helper		CODE           	01EE	0000	89
		_Proximity_Deviation_Update		CODE           	0020	0000	189
		_MTOUCH_Proximity_ServiceAll		CODE           	06A6	0000	3
		_MTOUCH_Proximity_Reading_Get		CODE           	04C4	0000	26
		_Proximity_Tick_helper		CODE           	0488	0000	33
		_MTOUCH_Proximity_SetActivatedCallback		CODE           	067C	0000	7

mcc_generated_files/mtouch/mtouch_proximity.c estimated size: 868

mcc_generated_files/mtouch/mtouch_sensor_scan.c
		_MTOUCH_CVD_ScanA_0		CODE           	0443	0000	38
		_MTOUCH_CVD_ScanB_0		CODE           	041E	0000	38

mcc_generated_files/mtouch/mtouch_sensor_scan.c estimated size: 76

shared
		PL50           		CODE           	051A	0000	7
		PL32           		CODE           	02A1	0000	62
		PL42           		CODE           	01E7	0000	8
		PL52           		CODE           	03C2	0000	6
		PL34           		CODE           	00DC	0000	7
		PL44           		CODE           	03EB	0000	7
		PL54           		CODE           	0183	0000	6
		PL36           		CODE           	016F	0000	7
		PL46           		CODE           	017D	0000	7
		PL56           		CODE           	0246	0000	6
		PL38           		CODE           	0588	0000	9
		PL48           		CODE           	03F1	0000	7
		__initialization		CODE           	000D	0000	17
		_mtouch_proximity_init		STRCODE        	055A	0000	19
		PL40           		CODE           	0175	0000	9

shared estimated size: 184

mcc_generated_files/mcc.c
		_WDT_Initialize		CODE           	0696	0000	5
		_OSCILLATOR_Initialize		CODE           	0662	0000	8
		_SYSTEM_Initialize		CODE           	0682	0000	6

mcc_generated_files/mcc.c estimated size: 19

C:\Program Files (x86)\Microchip\xc8\v2.10\pic\sources\c99\common\memcpy.c
		_memcpy        		CODE           	0468	0000	33

C:\Program Files (x86)\Microchip\xc8\v2.10\pic\sources\c99\common\memcpy.c estimated size: 33

C:\Program Files (x86)\Microchip\xc8\v2.10\pic\sources\c99\common\abs.c
		_abs           		CODE           	04F5	0000	24

C:\Program Files (x86)\Microchip\xc8\v2.10\pic\sources\c99\common\abs.c estimated size: 24

main.c
		_main          		CODE           	056C	0000	19

main.c estimated size: 19

mcc_generated_files/mtouch/mtouch_random.c
		_MTOUCH_Random 		CODE           	063E	0000	11

mcc_generated_files/mtouch/mtouch_random.c estimated size: 11

mcc_generated_files/mtouch/mtouch_sensor.c
		_Sensor_Acq_ExecutePacket		CODE           	0355	0000	59
		_MTOUCH_Delay  		CODE           	0669	0000	8
		_Sensor_Acquisition		CODE           	031A	0000	60
		_MTOUCH_Sensor_Initialize		CODE           	0634	0000	11
		_Sensor_Sampled_Reset		CODE           	0000	0000	1
		_MTOUCH_Sensor_InitializeAll		CODE           	065A	0000	9
		_Sensor_DefaultCallback		CODE           	06AC	0000	2
		_Sensor_isEnabled		CODE           	061E	0000	12
		_MTOUCH_Sensor_isCalibrated		CODE           	06AF	0000	2
		_MTOUCH_Sensor_Sampled_ResetAll		CODE           	050C	0000	15
		_Sensor_setActive		CODE           	0000	0000	1
		_MTOUCH_Sensor_Enable		CODE           	05FA	0000	14
		_Sensor_Acq_ExecuteScan		CODE           	024B	0000	77
		_Sensor_setSampled		CODE           	0000	0000	1
		_MTOUCH_Sensor_RawSample_Get		CODE           	0547	0000	20
		_MTOUCH_Sensor_SampleAll		CODE           	0648	0000	10
		_MTOUCH_Sensor_wasSampled		CODE           	05DE	0000	15
		_Sensor_Service		CODE           	02DE	0000	61
		_Sensor_setScanFunction		CODE           	06AD	0000	2
		_MTOUCH_Sensor_Scan_Initialize		CODE           	068C	0000	6
		_Sensor_RawSample_Update		CODE           	057E	0000	11
		_Sensor_setInactive		CODE           	0000	0000	1

mcc_generated_files/mtouch/mtouch_sensor.c estimated size: 398

