Microchip MPLAB XC8 Compiler V2.10 ()

Linker command line:

-W-3 --edf=C:\Program Files (x86)\Microchip\xc8\v2.10\pic\dat\en_msgs.txt \
  -cs -h+dist/default/production\PIC12LF1552_Debug_Touch.X.production.sym \
  --cmf=dist/default/production\PIC12LF1552_Debug_Touch.X.production.cmf -z \
  -Q12LF1552 -oC:\Users\Jason.Liu\AppData\Local\Temp\s5jvo.2 \
  --defsym=__MPLAB_BUILD=1 \
  -Mdist/default/production/PIC12LF1552_Debug_Touch.X.production.map -E1 \
  -ver=XC8 --acfsm=1493 -ASTACK=02048h-020EFh -pstack=STACK \
  -ACODE=00h-07FFh -ASTRCODE=00h-07FFh -ASTRING=00h-0FFhx8 \
  -ACONST=00h-0FFhx8 -AENTRY=00h-0FFhx8 -ACOMMON=070h-07Fh \
  -ABANK0=020h-06Fh -ABANK1=0A0h-0EFh -ABANK2=0120h-016Fh \
  -ABIGRAM=02000h-020EFh -ARAM=020h-06Fh,0A0h-0EFh,0120h-016Fh \
  -AABS1=020h-07Fh,0A0h-0EFh,0120h-016Fh -ASFR0=00h-01Fh -ASFR1=080h-09Fh \
  -ASFR2=0100h-011Fh -ASFR3=0180h-01EFh -ASFR4=0200h-026Fh \
  -ASFR5=0280h-02EFh -ASFR6=0300h-036Fh -ASFR7=0380h-03EFh \
  -ASFR8=0400h-046Fh -ASFR9=0480h-04EFh -ASFR10=0500h-056Fh \
  -ASFR11=0580h-05EFh -ASFR12=0600h-066Fh -ASFR13=0680h-06EFh \
  -ASFR14=0700h-076Fh -ASFR15=0780h-07EFh -ASFR16=0800h-086Fh \
  -ASFR17=0880h-08EFh -ASFR18=0900h-096Fh -ASFR19=0980h-09EFh \
  -ASFR20=0A00h-0A6Fh -ASFR21=0A80h-0AEFh -ASFR22=0B00h-0B6Fh \
  -ASFR23=0B80h-0BEFh -ASFR24=0C00h-0C6Fh -ASFR25=0C80h-0CEFh \
  -ASFR26=0D00h-0D6Fh -ASFR27=0D80h-0DEFh -ASFR28=0E00h-0E6Fh \
  -ASFR29=0E80h-0EEFh -ASFR30=0F00h-0F6Fh -ASFR31=0F80h-0FEFh \
  -preset_vec=00h,intentry,init,end_init -ppowerup=CODE -pcinit=CODE \
  -pfunctab=ENTRY -ACONFIG=08007h-08008h -pconfig=CONFIG -DCONFIG=2 \
  -AIDLOC=08000h-08003h -pidloc=IDLOC -DIDLOC=2 -DCODE=2 -DSTRCODE=2 \
  -DSTRING=2 -DCONST=2 -DENTRY=2 -k \
  C:\Users\Jason.Liu\AppData\Local\Temp\s5jvo.o \
  dist/default/production\PIC12LF1552_Debug_Touch.X.production.o 

Object code version is 3.11

Machine type is 12LF1552



                Name                               Link     Load   Length Selector   Space Scale
C:\Users\Jason.Liu\AppData\Local\Temp\s5jvo.o
                end_init                              1        1        1        0       0
                reset_vec                             0        0        1        0       0
                config                             8007     8007        2    1000E       0
dist/default/production\PIC12LF1552_Debug_Touch.X.production.o
                cinit                               7EE      7EE       12      FDC       0
                text58                               62       62        6       C4       0
                text57                               4E       4E        5       9C       0
                text56                               3E       3E        2       7C       0
                text55                              129      129       11      252       0
                text54                              15C      15C       12      2B8       0
                text53                              247      247       20      48E       0
                text52                              1F9      1F9       18      3F2       0
                text51                              22A      22A       1D      454       0
                text50                              6E9      6E9      105      DD2       0
                text49                              1B6      1B6       15      36C       0
                text48                              4C5      4C5       66      98A       0
                text47                               A1       A1        B      142       0
                text46                              2D4      2D4       27      5A8       0
                text45                              2FB      2FB       28      5F6       0
                text44                              5A2      5A2       83      B44       0
                text43                              16E      16E       12      2DC       0
                text42                               3C       3C        1       78       0
                text41                              180      180       12      300       0
                text40                              625      625       C4      C4A       0
                text39                              37F      37F       3B      6FE       0
                text38                              52B      52B       77      A56       0
                text37                              3BA      3BA       3E      774       0
                text36                               44       44        3       88       0
                text35                               97       97        A      12E       0
                text34                               F9       F9       10      1F2       0
                text33                               53       53        5       A6       0
                text32                              28A      28A       25      514       0
                text31                              2AF      2AF       25      55E       0
                text30                              47C      47C       49      8F8       0
                text29                              192      192       12      324       0
                text28                              438      438       44      870       0
                text27                               C3       C3        D      186       0
                text26                               74       74        7       E8       0
                text25                               7B       7B        7       F6       0
                text24                              1CB      1CB       17      396       0
                text23                              34D      34D       32      69A       0
                text22                               3D       3D        1       7A       0
                text21                              1E2      1E2       17      3C4       0
                text20                               82       82        7      104       0
                text19                              3F8      3F8       40      7F0       0
                text18                              13A      13A       11      274       0
                text17                               89       89        7      112       0
                text16                              14B      14B       11      296       0
                text15                              267      267       23      4CE       0
                text14                               47       47        3       8E       0
                text13                               40       40        2       80       0
                text12                               42       42        2       84       0
                text11                              109      109       10      212       0
                text10                              323      323       2A      646       0
                text9                                D0       D0        D      1A0       0
                text8                                EA       EA        F      1D4       0
                text7                                B7       B7        C      16E       0
                text6                                AC       AC        B      158       0
                text5                                58       58        5       B0       0
                text4                                90       90        7      120       0
                text3                               119      119       10      232       0
                text2                                4A       4A        4       94       0
                text1                                5D       5D        5       BA       0
                maintext                             DD       DD        D      1BA       0
                cstackBANK0                          54       54       14       20       1
                cstackCOMMON                         70       70        E       70       1
                clrtext                              68       68        6       D0       0
                inittext                             6E       6E        6       DC       0
                dataBANK0                            3B       3B       19       20       1
                bssBANK0                             20       20       1B       20       1
                stringtext1                         1A4      1A4       12      348       0
                idataBANK0                          211      211       19      422       0

TOTAL           Name                               Link     Load   Length     Space
        CLASS   STACK          

        CLASS   CODE           
                end_init                              1        1        1         0
                cinit                               7EE      7EE       12         0
                reset_vec                             0        0        1         0
                text58                               62       62        6         0
                text57                               4E       4E        5         0
                text56                               3E       3E        2         0
                text55                              129      129       11         0
                text54                              15C      15C       12         0
                text53                              247      247       20         0
                text52                              1F9      1F9       18         0
                text51                              22A      22A       1D         0
                text50                              6E9      6E9      105         0
                text49                              1B6      1B6       15         0
                text48                              4C5      4C5       66         0
                text47                               A1       A1        B         0
                text46                              2D4      2D4       27         0
                text45                              2FB      2FB       28         0
                text44                              5A2      5A2       83         0
                text43                              16E      16E       12         0
                text42                               3C       3C        1         0
                text41                              180      180       12         0
                text40                              625      625       C4         0
                text39                              37F      37F       3B         0
                text38                              52B      52B       77         0
                text37                              3BA      3BA       3E         0
                text36                               44       44        3         0
                text35                               97       97        A         0
                text34                               F9       F9       10         0
                text33                               53       53        5         0
                text32                              28A      28A       25         0
                text31                              2AF      2AF       25         0
                text30                              47C      47C       49         0
                text29                              192      192       12         0
                text28                              438      438       44         0
                text27                               C3       C3        D         0
                text26                               74       74        7         0
                text25                               7B       7B        7         0
                text24                              1CB      1CB       17         0
                text23                              34D      34D       32         0
                text22                               3D       3D        1         0
                text21                              1E2      1E2       17         0
                text20                               82       82        7         0
                text19                              3F8      3F8       40         0
                text18                              13A      13A       11         0
                text17                               89       89        7         0
                text16                              14B      14B       11         0
                text15                              267      267       23         0
                text14                               47       47        3         0
                text13                               40       40        2         0
                text12                               42       42        2         0
                text11                              109      109       10         0
                text10                              323      323       2A         0
                text9                                D0       D0        D         0
                text8                                EA       EA        F         0
                text7                                B7       B7        C         0
                text6                                AC       AC        B         0
                text5                                58       58        5         0
                text4                                90       90        7         0
                text3                               119      119       10         0
                text2                                4A       4A        4         0
                text1                                5D       5D        5         0
                maintext                             DD       DD        D         0
                clrtext                              68       68        6         0
                inittext                             6E       6E        6         0
                idataBANK0                          211      211       19         0

        CLASS   STRCODE        
                stringtext1                         1A4      1A4       12         0

        CLASS   STRING         

        CLASS   CONST          

        CLASS   ENTRY          

        CLASS   COMMON         
                cstackCOMMON                         70       70        E         1

        CLASS   BANK0          
                cstackBANK0                          54       54       14         1
                dataBANK0                            3B       3B       19         1
                bssBANK0                             20       20       1B         1

        CLASS   BANK1          

        CLASS   BANK2          

        CLASS   BIGRAM         

        CLASS   RAM            

        CLASS   ABS1           
                abs_s1                               7E       7E        2         1

        CLASS   SFR0           

        CLASS   SFR1           

        CLASS   SFR2           

        CLASS   SFR3           

        CLASS   SFR4           

        CLASS   SFR5           

        CLASS   SFR6           

        CLASS   SFR7           

        CLASS   SFR8           

        CLASS   SFR9           

        CLASS   SFR10          

        CLASS   SFR11          

        CLASS   SFR12          

        CLASS   SFR13          

        CLASS   SFR14          

        CLASS   SFR15          

        CLASS   SFR16          

        CLASS   SFR17          

        CLASS   SFR18          

        CLASS   SFR19          

        CLASS   SFR20          

        CLASS   SFR21          

        CLASS   SFR22          

        CLASS   SFR23          

        CLASS   SFR24          

        CLASS   SFR25          

        CLASS   SFR26          

        CLASS   SFR27          

        CLASS   SFR28          

        CLASS   SFR29          

        CLASS   SFR30          

        CLASS   SFR31          

        CLASS   CONFIG         
                config                             8007     8007        2         0

        CLASS   IDLOC          

        CLASS   BANK31         

        CLASS   BANK30         

        CLASS   BANK29         

        CLASS   BANK28         

        CLASS   BANK27         

        CLASS   BANK26         

        CLASS   BANK25         

        CLASS   BANK24         

        CLASS   BANK23         

        CLASS   BANK22         

        CLASS   BANK21         

        CLASS   BANK20         

        CLASS   BANK19         

        CLASS   BANK18         

        CLASS   BANK17         

        CLASS   BANK16         

        CLASS   BANK15         

        CLASS   BANK14         

        CLASS   BANK13         

        CLASS   BANK12         

        CLASS   BANK11         

        CLASS   BANK10         

        CLASS   BANK9          

        CLASS   BANK8          

        CLASS   BANK7          

        CLASS   BANK6          

        CLASS   BANK5          

        CLASS   BANK4          

        CLASS   BANK3          

        CLASS   EEDATA         



SEGMENTS        Name                           Load    Length   Top    Selector   Space  Class     Delta

                reset_vec                      000000  000002  000002         0       0  CODE        2
                bssBANK0                       000020  000048  000068        20       1  BANK0       1
                cstackCOMMON                   000070  00000E  00007E        70       1  COMMON      1
                text42                         00003C  000001  00003D        78       0  CODE        2
                text22                         00003D  000001  00003E        7A       0  CODE        2
                text56                         00003E  000002  000040        7C       0  CODE        2
                text13                         000040  000002  000042        80       0  CODE        2
                text12                         000042  000002  000044        84       0  CODE        2
                text36                         000044  000003  000047        88       0  CODE        2
                text14                         000047  000003  00004A        8E       0  CODE        2
                text2                          00004A  000004  00004E        94       0  CODE        2
                text57                         00004E  000005  000053        9C       0  CODE        2
                text33                         000053  000005  000058        A6       0  CODE        2
                text5                          000058  000005  00005D        B0       0  CODE        2
                text1                          00005D  000005  000062        BA       0  CODE        2
                text58                         000062  000006  000068        C4       0  CODE        2
                clrtext                        000068  000006  00006E        D0       0  CODE        2
                inittext                       00006E  000006  000074        DC       0  CODE        2
                text26                         000074  000007  00007B        E8       0  CODE        2
                text25                         00007B  000007  000082        F6       0  CODE        2
                text20                         000082  000007  000089       104       0  CODE        2
                text17                         000089  000007  000090       112       0  CODE        2
                text4                          000090  000007  000097       120       0  CODE        2
                text35                         000097  00000A  0000A1       12E       0  CODE        2
                text47                         0000A1  00000B  0000AC       142       0  CODE        2
                text6                          0000AC  00000B  0000B7       158       0  CODE        2
                text7                          0000B7  00000C  0000C3       16E       0  CODE        2
                text27                         0000C3  00000D  0000D0       186       0  CODE        2
                text9                          0000D0  00000D  0000DD       1A0       0  CODE        2
                maintext                       0000DD  00000D  0000EA       1BA       0  CODE        2
                text8                          0000EA  00000F  0000F9       1D4       0  CODE        2
                text34                         0000F9  000010  000109       1F2       0  CODE        2
                text11                         000109  000010  000119       212       0  CODE        2
                text3                          000119  000010  000129       232       0  CODE        2
                text55                         000129  000011  00013A       252       0  CODE        2
                text18                         00013A  000011  00014B       274       0  CODE        2
                text16                         00014B  000011  00015C       296       0  CODE        2
                text54                         00015C  000012  00016E       2B8       0  CODE        2
                text43                         00016E  000012  000180       2DC       0  CODE        2
                text41                         000180  000012  000192       300       0  CODE        2
                text29                         000192  000012  0001A4       324       0  CODE        2
                stringtext1                    0001A4  000012  0001B6       348       0  STRCODE     2
                text49                         0001B6  000015  0001CB       36C       0  CODE        2
                text24                         0001CB  000017  0001E2       396       0  CODE        2
                text21                         0001E2  000017  0001F9       3C4       0  CODE        2
                text52                         0001F9  000018  000211       3F2       0  CODE        2
                idataBANK0                     000211  000019  00022A       422       0  CODE        2
                text51                         00022A  00001D  000247       454       0  CODE        2
                text53                         000247  000020  000267       48E       0  CODE        2
                text15                         000267  000023  00028A       4CE       0  CODE        2
                text32                         00028A  000025  0002AF       514       0  CODE        2
                text31                         0002AF  000025  0002D4       55E       0  CODE        2
                text46                         0002D4  000027  0002FB       5A8       0  CODE        2
                text45                         0002FB  000028  000323       5F6       0  CODE        2
                text10                         000323  00002A  00034D       646       0  CODE        2
                text23                         00034D  000032  00037F       69A       0  CODE        2
                text39                         00037F  00003B  0003BA       6FE       0  CODE        2
                text37                         0003BA  00003E  0003F8       774       0  CODE        2
                text19                         0003F8  000040  000438       7F0       0  CODE        2
                text28                         000438  000044  00047C       870       0  CODE        2
                text30                         00047C  000049  0004C5       8F8       0  CODE        2
                text48                         0004C5  000066  00052B       98A       0  CODE        2
                text38                         00052B  000077  0005A2       A56       0  CODE        2
                text44                         0005A2  000083  000625       B44       0  CODE        2
                text40                         000625  0000C4  0006E9       C4A       0  CODE        2
                text50                         0006E9  000105  0007EE       DD2       0  CODE        2
                cinit                          0007EE  000012  000800       FDC       0  CODE        2
                config                         008007  000002  008009     1000E       0  CONFIG      2


UNUSED ADDRESS RANGES

        Name                Unused          Largest block    Delta
        BANK0            00068-0006F               8           1
        BANK1            000A0-000EF              50           1
        BANK2            00120-0016F              50           1
        BIGRAM           02000-020EF              F0           1
        CODE             00002-0003B              3A           2
        CONST            00002-0003B              3A           2
        ENTRY            00002-0003B              3A           2
        IDLOC            08000-08003               4           2
        RAM              00068-0006F               8           1
                         000A0-000EF              50
                         00120-0016F              50
        SFR0             00000-0001F              20           1
        SFR1             00080-0009F              20           1
        SFR10            00500-0056F              70           1
        SFR11            00580-005EF              70           1
        SFR12            00600-0066F              70           1
        SFR13            00680-006EF              70           1
        SFR14            00700-0076F              70           1
        SFR15            00780-007EF              70           1
        SFR16            00800-0086F              70           1
        SFR17            00880-008EF              70           1
        SFR18            00900-0096F              70           1
        SFR19            00980-009EF              70           1
        SFR2             00100-0011F              20           1
        SFR20            00A00-00A6F              70           1
        SFR21            00A80-00AEF              70           1
        SFR22            00B00-00B6F              70           1
        SFR23            00B80-00BEF              70           1
        SFR24            00C00-00C6F              70           1
        SFR25            00C80-00CEF              70           1
        SFR26            00D00-00D6F              70           1
        SFR27            00D80-00DEF              70           1
        SFR28            00E00-00E6F              70           1
        SFR29            00E80-00EEF              70           1
        SFR3             00180-001EF              70           1
        SFR30            00F00-00F6F              70           1
        SFR31            00F80-00FEF              70           1
        SFR4             00200-0026F              70           1
        SFR5             00280-002EF              70           1
        SFR6             00300-0036F              70           1
        SFR7             00380-003EF              70           1
        SFR8             00400-0046F              70           1
        SFR9             00480-004EF              70           1
        STACK            02048-020EF              A8           1
        STRCODE          00002-0003B              3A           2
        STRING           00002-0003B              3A           2

                                  Symbol Table

?_MTOUCH_Proximity_Baseline_Get                    cstackCOMMON 00079
?_MTOUCH_Proximity_Reading_Get                     cstackCOMMON 00070
?_MTOUCH_Sensor_RawSample_Get                      cstackCOMMON 00074
?_Proximity_Baseline_Get_helper                    cstackCOMMON 00070
?_abs                                              cstackCOMMON 00070
MTOUCH_Delay@i                                     cstackCOMMON 00071
MTOUCH_Proximity_Baseline_Get@name                 cstackBANK0  00054
MTOUCH_Proximity_Initialize@name                   cstackCOMMON 00071
MTOUCH_Proximity_Initialize@prox                   cstackCOMMON 00072
MTOUCH_Proximity_Reading_Get@name                  cstackCOMMON 00075
MTOUCH_Proximity_SetActivatedCallback@callback     cstackCOMMON 00070
MTOUCH_Proximity_SetNotActivatedCallback@callback  cstackCOMMON 00070
MTOUCH_Random@seed                                 bssBANK0     00023
MTOUCH_Sensor_Enable@sensor                        cstackCOMMON 00075
MTOUCH_Sensor_Initialize@sensor                    cstackCOMMON 00077
MTOUCH_Sensor_InitializeAll@sensor                 cstackCOMMON 00079
MTOUCH_Sensor_RawSample_Get@name                   cstackCOMMON 00077
MTOUCH_Sensor_SampleAll@sensor                     cstackBANK0  0005D
MTOUCH_Sensor_Sampled_ResetAll@sensor              cstackCOMMON 00072
MTOUCH_Sensor_wasSampled@sensor                    cstackCOMMON 00075
Proximity_Baseline_Get_helper@name                 cstackCOMMON 00078
Proximity_Baseline_Initialize@prox                 cstackCOMMON 0007C
Proximity_Baseline_Update@prox                     cstackCOMMON 00074
Proximity_Deviation_Update@deviation               cstackBANK0  0005F
Proximity_Deviation_Update@name                    cstackBANK0  00063
Proximity_Reading_Update@prox                      cstackBANK0  00055
Proximity_Reading_Update_Helper@prox               cstackBANK0  00054
Proximity_Service@name                             cstackBANK0  00065
Proximity_Service@prox                             cstackBANK0  00066
Proximity_State_Activated@prox                     cstackBANK0  00055
Proximity_State_Initializing@prox                  cstackBANK0  00055
Proximity_State_NotActivated@deviation             cstackBANK0  0005D
Proximity_State_NotActivated@prox                  cstackBANK0  00055
Proximity_Tick_helper@prox                         cstackCOMMON 00072
Sensor_Acq_ExecutePacket@ADCON0_temp               cstackCOMMON 00079
Sensor_Acq_ExecutePacket@ADCON1_temp               cstackCOMMON 0007A
Sensor_Acq_ExecutePacket@GIE_state                 cstackCOMMON 0007B
Sensor_Acq_ExecutePacket@error                     cstackCOMMON 0007C
Sensor_Acq_ExecutePacket@sensor                    cstackCOMMON 0007D
Sensor_Acq_ExecuteScan@result                      cstackCOMMON 00076
Sensor_Acquisition@retry                           cstackBANK0  00055
Sensor_Acquisition@sensor                          cstackBANK0  00056
Sensor_DefaultCallback@sensor                      cstackCOMMON 00070
Sensor_RawSample_Update@sensor                     cstackCOMMON 00070
Sensor_Sampled_Reset@sensor                        cstackCOMMON 00070
Sensor_Service@error                               cstackBANK0  0005A
Sensor_Service@name                                cstackBANK0  00059
Sensor_Service@sensor                              cstackBANK0  0005B
Sensor_isEnabled@sensor                            cstackCOMMON 00070
Sensor_setActive@sensor                            cstackCOMMON 00070
Sensor_setInactive@sensor                          cstackCOMMON 00070
Sensor_setSampled@sensor                           cstackCOMMON 00070
Sensor_setScanFunction@sensor                      cstackCOMMON 00070
User_Proximity_Actived_Callback@name               cstackCOMMON 00070
User_Proximity_Deactived_Callback@name             cstackCOMMON 00070
_ADCON0                                            (abs)        0009D
_ADCON0bits                                        (abs)        0009D
_ADCON1                                            (abs)        0009E
_ADRES                                             (abs)        0009B
_ANSELA                                            (abs)        0018C
_APFCON                                            (abs)        0011D
_BORCON                                            (abs)        00116
_GIE                                               (abs)        0005F
_INTCONbits                                        (abs)        0000B
_LATA                                              (abs)        0010C
_LATAbits                                          (abs)        0010C
_MTOUCH_CVD_ScanA_0                                text32       0028A
_MTOUCH_CVD_ScanB_0                                text31       002AF
_MTOUCH_Delay                                      text35       00097
_MTOUCH_Initialize                                 text5        00058
_MTOUCH_Proximity_Baseline_Get                     text52       001F9
_MTOUCH_Proximity_Initialize                       text46       002D4
_MTOUCH_Proximity_InitializeAll                    text9        000D0
_MTOUCH_Proximity_Reading_Get                      text51       0022A
_MTOUCH_Proximity_ServiceAll                       text36       00044
_MTOUCH_Proximity_SetActivatedCallback             text58       00062
_MTOUCH_Proximity_SetNotActivatedCallback          text57       0004E
_MTOUCH_Proximity_Tick                             text14       00047
_MTOUCH_Random                                     text34       000F9
_MTOUCH_Sensor_Enable                              text8        000EA
_MTOUCH_Sensor_Initialize                          text7        000B7
_MTOUCH_Sensor_InitializeAll                       text6        000AC
_MTOUCH_Sensor_RawSample_Get                       text49       001B6
_MTOUCH_Sensor_SampleAll                           text18       0013A
_MTOUCH_Sensor_Sampled_ResetAll                    text16       0014B
_MTOUCH_Sensor_Scan_Initialize                     text33       00053
_MTOUCH_Sensor_isCalibrated                        text56       0003E
_MTOUCH_Sensor_wasSampled                          text54       0015C
_MTOUCH_Service_Mainloop                           text11       00109
_MTOUCH_Tick                                       text13       00040
_MTOUCH_needReburst                                text12       00042
_OPTION_REGbits                                    (abs)        00095
_OSCCON                                            (abs)        00099
_OSCILLATOR_Initialize                             text4        00090
_OSCSTAT                                           (abs)        0009A
_PIN_MANAGER_Initialize                            text3        00119
_Proximity_Baseline_Get_helper                     text53       00247
_Proximity_Baseline_Initialize                     text45       002FB
_Proximity_Baseline_Update                         text44       005A2
_Proximity_DefaultCallback                         text42       0003C
_Proximity_Deviation_Update                        text50       006E9
_Proximity_Reading_Update                          text47       000A1
_Proximity_Reading_Update_Helper                   text48       004C5
_Proximity_Service                                 text37       003BA
_Proximity_StateMachine                            dataBANK0    0003B
_Proximity_State_Activated                         text38       0052B
_Proximity_State_Initializing                      text39       0037F
_Proximity_State_NotActivated                      text40       00625
_Proximity_Tick_helper                             text15       00267
_SYSTEM_Initialize                                 text1        0005D
_Sensor_Acq_ExecutePacket                          text28       00438
_Sensor_Acq_ExecuteScan                            text30       0047C
_Sensor_Acquisition                                text23       0034D
_Sensor_DefaultCallback                            text22       0003D
_Sensor_RawSample_Update                           text21       001E2
_Sensor_Sampled_Reset                              text17       00089
_Sensor_Service                                    text19       003F8
_Sensor_isEnabled                                  text27       000C3
_Sensor_scanA                                      dataBANK0    00047
_Sensor_scanB                                      dataBANK0    00045
_Sensor_setActive                                  text26       00074
_Sensor_setInactive                                text25       0007B
_Sensor_setSampled                                 text20       00082
_Sensor_setScanFunction                            text29       00192
_TRISA                                             (abs)        0008C
_User_Proximity_Actived_Callback                   text43       0016E
_User_Proximity_Deactived_Callback                 text41       00180
_WDTCON                                            (abs)        00097
_WDT_Initialize                                    text2        0004A
_WPUA                                              (abs)        0020C
__CFG_BOREN$NSLEEP                                 (abs)        00000
__CFG_BORV$LO                                      (abs)        00000
__CFG_CLKOUTEN$OFF                                 (abs)        00000
__CFG_CP$OFF                                       (abs)        00000
__CFG_FOSC$INTOSC                                  (abs)        00000
__CFG_LPBOR$OFF                                    (abs)        00000
__CFG_LVP$ON                                       (abs)        00000
__CFG_MCLRE$ON                                     (abs)        00000
__CFG_PWRTE$OFF                                    (abs)        00000
__CFG_STVREN$ON                                    (abs)        00000
__CFG_WDTE$ON                                      (abs)        00000
__CFG_WRT$OFF                                      (abs)        00000
__Habs1                                            abs1         00000
__Hbank0                                           bank0        00000
__Hbank1                                           bank1        00000
__Hbank10                                          bank10       00000
__Hbank11                                          bank11       00000
__Hbank12                                          bank12       00000
__Hbank13                                          bank13       00000
__Hbank14                                          bank14       00000
__Hbank15                                          bank15       00000
__Hbank16                                          bank16       00000
__Hbank17                                          bank17       00000
__Hbank18                                          bank18       00000
__Hbank19                                          bank19       00000
__Hbank2                                           bank2        00000
__Hbank20                                          bank20       00000
__Hbank21                                          bank21       00000
__Hbank22                                          bank22       00000
__Hbank23                                          bank23       00000
__Hbank24                                          bank24       00000
__Hbank25                                          bank25       00000
__Hbank26                                          bank26       00000
__Hbank27                                          bank27       00000
__Hbank28                                          bank28       00000
__Hbank29                                          bank29       00000
__Hbank3                                           bank3        00000
__Hbank30                                          bank30       00000
__Hbank31                                          bank31       00000
__Hbank4                                           bank4        00000
__Hbank5                                           bank5        00000
__Hbank6                                           bank6        00000
__Hbank7                                           bank7        00000
__Hbank8                                           bank8        00000
__Hbank9                                           bank9        00000
__Hbigram                                          bigram       00000
__HbssBANK0                                        bssBANK0     00000
__Hcinit                                           cinit        00800
__Hclrtext                                         clrtext      00000
__Hcode                                            code         00000
__Hcommon                                          common       00000
__Hconfig                                          config       08009
__HcstackBANK0                                     cstackBANK0  00000
__HcstackCOMMON                                    cstackCOMMON 00000
__HdataBANK0                                       dataBANK0    00000
__Heeprom_data                                     eeprom_data  00000
__Hend_init                                        end_init     00002
__Hfunctab                                         functab      00000
__HidataBANK0                                      idataBANK0   00000
__Hidloc                                           idloc        00000
__Hinit                                            init         00001
__Hinittext                                        inittext     00000
__Hintentry                                        intentry     00001
__Hmaintext                                        maintext     00000
__Hpowerup                                         powerup      00000
__Hram                                             ram          00000
__Hreset_vec                                       reset_vec    00001
__Hsfr0                                            sfr0         00000
__Hsfr1                                            sfr1         00000
__Hsfr10                                           sfr10        00000
__Hsfr11                                           sfr11        00000
__Hsfr12                                           sfr12        00000
__Hsfr13                                           sfr13        00000
__Hsfr14                                           sfr14        00000
__Hsfr15                                           sfr15        00000
__Hsfr16                                           sfr16        00000
__Hsfr17                                           sfr17        00000
__Hsfr18                                           sfr18        00000
__Hsfr19                                           sfr19        00000
__Hsfr2                                            sfr2         00000
__Hsfr20                                           sfr20        00000
__Hsfr21                                           sfr21        00000
__Hsfr22                                           sfr22        00000
__Hsfr23                                           sfr23        00000
__Hsfr24                                           sfr24        00000
__Hsfr25                                           sfr25        00000
__Hsfr26                                           sfr26        00000
__Hsfr27                                           sfr27        00000
__Hsfr28                                           sfr28        00000
__Hsfr29                                           sfr29        00000
__Hsfr3                                            sfr3         00000
__Hsfr30                                           sfr30        00000
__Hsfr31                                           sfr31        00000
__Hsfr4                                            sfr4         00000
__Hsfr5                                            sfr5         00000
__Hsfr6                                            sfr6         00000
__Hsfr7                                            sfr7         00000
__Hsfr8                                            sfr8         00000
__Hsfr9                                            sfr9         00000
__Hspace_0                                         (abs)        08009
__Hspace_1                                         (abs)        0007E
__Hspace_2                                         (abs)        00000
__Hspace_3                                         (abs)        00000
__Hstack                                           stack        00000
__Hstrings                                         strings      00000
__Hstringtext1                                     stringtext1  00000
__Htext                                            text         00000
__Labs1                                            abs1         00000
__Lbank0                                           bank0        00000
__Lbank1                                           bank1        00000
__Lbank10                                          bank10       00000
__Lbank11                                          bank11       00000
__Lbank12                                          bank12       00000
__Lbank13                                          bank13       00000
__Lbank14                                          bank14       00000
__Lbank15                                          bank15       00000
__Lbank16                                          bank16       00000
__Lbank17                                          bank17       00000
__Lbank18                                          bank18       00000
__Lbank19                                          bank19       00000
__Lbank2                                           bank2        00000
__Lbank20                                          bank20       00000
__Lbank21                                          bank21       00000
__Lbank22                                          bank22       00000
__Lbank23                                          bank23       00000
__Lbank24                                          bank24       00000
__Lbank25                                          bank25       00000
__Lbank26                                          bank26       00000
__Lbank27                                          bank27       00000
__Lbank28                                          bank28       00000
__Lbank29                                          bank29       00000
__Lbank3                                           bank3        00000
__Lbank30                                          bank30       00000
__Lbank31                                          bank31       00000
__Lbank4                                           bank4        00000
__Lbank5                                           bank5        00000
__Lbank6                                           bank6        00000
__Lbank7                                           bank7        00000
__Lbank8                                           bank8        00000
__Lbank9                                           bank9        00000
__Lbigram                                          bigram       00000
__LbssBANK0                                        bssBANK0     00000
__Lcinit                                           cinit        007EE
__Lclrtext                                         clrtext      00000
__Lcode                                            code         00000
__Lcommon                                          common       00000
__Lconfig                                          config       08007
__LcstackBANK0                                     cstackBANK0  00000
__LcstackCOMMON                                    cstackCOMMON 00000
__LdataBANK0                                       dataBANK0    00000
__Leeprom_data                                     eeprom_data  00000
__Lend_init                                        end_init     00001
__Lfunctab                                         functab      00000
__LidataBANK0                                      idataBANK0   00000
__Lidloc                                           idloc        00000
__Linit                                            init         00001
__Linittext                                        inittext     00000
__Lintentry                                        intentry     00001
__Lmaintext                                        maintext     00000
__Lpowerup                                         powerup      00000
__Lram                                             ram          00000
__Lreset_vec                                       reset_vec    00000
__Lsfr0                                            sfr0         00000
__Lsfr1                                            sfr1         00000
__Lsfr10                                           sfr10        00000
__Lsfr11                                           sfr11        00000
__Lsfr12                                           sfr12        00000
__Lsfr13                                           sfr13        00000
__Lsfr14                                           sfr14        00000
__Lsfr15                                           sfr15        00000
__Lsfr16                                           sfr16        00000
__Lsfr17                                           sfr17        00000
__Lsfr18                                           sfr18        00000
__Lsfr19                                           sfr19        00000
__Lsfr2                                            sfr2         00000
__Lsfr20                                           sfr20        00000
__Lsfr21                                           sfr21        00000
__Lsfr22                                           sfr22        00000
__Lsfr23                                           sfr23        00000
__Lsfr24                                           sfr24        00000
__Lsfr25                                           sfr25        00000
__Lsfr26                                           sfr26        00000
__Lsfr27                                           sfr27        00000
__Lsfr28                                           sfr28        00000
__Lsfr29                                           sfr29        00000
__Lsfr3                                            sfr3         00000
__Lsfr30                                           sfr30        00000
__Lsfr31                                           sfr31        00000
__Lsfr4                                            sfr4         00000
__Lsfr5                                            sfr5         00000
__Lsfr6                                            sfr6         00000
__Lsfr7                                            sfr7         00000
__Lsfr8                                            sfr8         00000
__Lsfr9                                            sfr9         00000
__Lspace_0                                         (abs)        00000
__Lspace_1                                         (abs)        00000
__Lspace_2                                         (abs)        00000
__Lspace_3                                         (abs)        00000
__Lstack                                           stack        00000
__Lstrings                                         strings      00000
__Lstringtext1                                     stringtext1  00000
__Ltext                                            text         00000
__S0                                               (abs)        08009
__S1                                               (abs)        0007E
__S2                                               (abs)        00000
___bmul                                            text55       00129
___bmul@multiplicand                               cstackCOMMON 00070
___bmul@multiplier                                 cstackCOMMON 00073
___bmul@product                                    cstackCOMMON 00072
___int_sp                                          stack        00000
___latbits                                         (abs)        00000
___sp                                              stack        00000
___stackhi                                         (abs)        020EF
___stacklo                                         (abs)        02048
__end_of_MTOUCH_CVD_ScanA_0                        text32       002AF
__end_of_MTOUCH_CVD_ScanB_0                        text31       002D4
__end_of_MTOUCH_Delay                              text35       000A1
__end_of_MTOUCH_Initialize                         text5        0005D
__end_of_MTOUCH_Proximity_Baseline_Get             text52       00211
__end_of_MTOUCH_Proximity_Initialize               text46       002FB
__end_of_MTOUCH_Proximity_InitializeAll            text9        000DD
__end_of_MTOUCH_Proximity_Reading_Get              text51       00247
__end_of_MTOUCH_Proximity_ServiceAll               text36       00047
__end_of_MTOUCH_Proximity_SetActivatedCallback     text58       00068
__end_of_MTOUCH_Proximity_SetNotActivatedCallback  text57       00053
__end_of_MTOUCH_Proximity_Tick                     text14       0004A
__end_of_MTOUCH_Random                             text34       00109
__end_of_MTOUCH_Sensor_Enable                      text8        000F9
__end_of_MTOUCH_Sensor_Initialize                  text7        000C3
__end_of_MTOUCH_Sensor_InitializeAll               text6        000B7
__end_of_MTOUCH_Sensor_RawSample_Get               text49       001CB
__end_of_MTOUCH_Sensor_SampleAll                   text18       0014B
__end_of_MTOUCH_Sensor_Sampled_ResetAll            text16       0015C
__end_of_MTOUCH_Sensor_Scan_Initialize             text33       00058
__end_of_MTOUCH_Sensor_isCalibrated                text56       00040
__end_of_MTOUCH_Sensor_wasSampled                  text54       0016E
__end_of_MTOUCH_Service_Mainloop                   text11       00119
__end_of_MTOUCH_Tick                               text13       00042
__end_of_MTOUCH_needReburst                        text12       00044
__end_of_OSCILLATOR_Initialize                     text4        00097
__end_of_PIN_MANAGER_Initialize                    text3        00129
__end_of_Proximity_Baseline_Get_helper             text53       00267
__end_of_Proximity_Baseline_Initialize             text45       00323
__end_of_Proximity_Baseline_Update                 text44       00625
__end_of_Proximity_DefaultCallback                 text42       0003D
__end_of_Proximity_Deviation_Update                text50       007EE
__end_of_Proximity_Reading_Update                  text47       000AC
__end_of_Proximity_Reading_Update_Helper           text48       0052B
__end_of_Proximity_Service                         text37       003F8
__end_of_Proximity_State_Activated                 text38       005A2
__end_of_Proximity_State_Initializing              text39       003BA
__end_of_Proximity_State_NotActivated              text40       006E9
__end_of_Proximity_Tick_helper                     text15       0028A
__end_of_SYSTEM_Initialize                         text1        00062
__end_of_Sensor_Acq_ExecutePacket                  text28       0047C
__end_of_Sensor_Acq_ExecuteScan                    text30       004C5
__end_of_Sensor_Acquisition                        text23       0037F
__end_of_Sensor_DefaultCallback                    text22       0003E
__end_of_Sensor_RawSample_Update                   text21       001F9
__end_of_Sensor_Sampled_Reset                      text17       00090
__end_of_Sensor_Service                            text19       00438
__end_of_Sensor_isEnabled                          text27       000D0
__end_of_Sensor_setActive                          text26       0007B
__end_of_Sensor_setInactive                        text25       00082
__end_of_Sensor_setSampled                         text20       00089
__end_of_Sensor_setScanFunction                    text29       001A4
__end_of_User_Proximity_Actived_Callback           text43       00180
__end_of_User_Proximity_Deactived_Callback         text41       00192
__end_of_WDT_Initialize                            text2        0004E
__end_of___bmul                                    text55       0013A
__end_of__initialization                           cinit        007FE
__end_of_abs                                       text24       001E2
__end_of_main                                      maintext     000EA
__end_of_memcpy                                    text10       0034D
__end_of_mtouch_proximity_init                     stringtext1  001B6
__initialization                                   cinit        007EE
__pbssBANK0                                        bssBANK0     00020
__pcstackBANK0                                     cstackBANK0  00054
__pcstackCOMMON                                    cstackCOMMON 00070
__pdataBANK0                                       dataBANK0    0003B
__pidataBANK0                                      idataBANK0   00211
__pmaintext                                        maintext     000DD
__pstringtext1                                     stringtext1  001A4
__ptext1                                           text1        0005D
__ptext10                                          text10       00323
__ptext11                                          text11       00109
__ptext12                                          text12       00042
__ptext13                                          text13       00040
__ptext14                                          text14       00047
__ptext15                                          text15       00267
__ptext16                                          text16       0014B
__ptext17                                          text17       00089
__ptext18                                          text18       0013A
__ptext19                                          text19       003F8
__ptext2                                           text2        0004A
__ptext20                                          text20       00082
__ptext21                                          text21       001E2
__ptext22                                          text22       0003D
__ptext23                                          text23       0034D
__ptext24                                          text24       001CB
__ptext25                                          text25       0007B
__ptext26                                          text26       00074
__ptext27                                          text27       000C3
__ptext28                                          text28       00438
__ptext29                                          text29       00192
__ptext3                                           text3        00119
__ptext30                                          text30       0047C
__ptext31                                          text31       002AF
__ptext32                                          text32       0028A
__ptext33                                          text33       00053
__ptext34                                          text34       000F9
__ptext35                                          text35       00097
__ptext36                                          text36       00044
__ptext37                                          text37       003BA
__ptext38                                          text38       0052B
__ptext39                                          text39       0037F
__ptext4                                           text4        00090
__ptext40                                          text40       00625
__ptext41                                          text41       00180
__ptext42                                          text42       0003C
__ptext43                                          text43       0016E
__ptext44                                          text44       005A2
__ptext45                                          text45       002FB
__ptext46                                          text46       002D4
__ptext47                                          text47       000A1
__ptext48                                          text48       004C5
__ptext49                                          text49       001B6
__ptext5                                           text5        00058
__ptext50                                          text50       006E9
__ptext51                                          text51       0022A
__ptext52                                          text52       001F9
__ptext53                                          text53       00247
__ptext54                                          text54       0015C
__ptext55                                          text55       00129
__ptext56                                          text56       0003E
__ptext57                                          text57       0004E
__ptext58                                          text58       00062
__ptext6                                           text6        000AC
__ptext7                                           text7        000B7
__ptext8                                           text8        000EA
__ptext9                                           text9        000D0
__size_of_MTOUCH_CVD_ScanA_0                       (abs)        00000
__size_of_MTOUCH_CVD_ScanB_0                       (abs)        00000
__size_of_MTOUCH_Delay                             (abs)        00000
__size_of_MTOUCH_Initialize                        (abs)        00000
__size_of_MTOUCH_Proximity_Baseline_Get            (abs)        00000
__size_of_MTOUCH_Proximity_Initialize              (abs)        00000
__size_of_MTOUCH_Proximity_InitializeAll           (abs)        00000
__size_of_MTOUCH_Proximity_Reading_Get             (abs)        00000
__size_of_MTOUCH_Proximity_ServiceAll              (abs)        00000
__size_of_MTOUCH_Proximity_SetActivatedCallback    (abs)        00000
__size_of_MTOUCH_Proximity_SetNotActivatedCallback (abs)        00000
__size_of_MTOUCH_Proximity_Tick                    (abs)        00000
__size_of_MTOUCH_Random                            (abs)        00000
__size_of_MTOUCH_Sensor_Enable                     (abs)        00000
__size_of_MTOUCH_Sensor_Initialize                 (abs)        00000
__size_of_MTOUCH_Sensor_InitializeAll              (abs)        00000
__size_of_MTOUCH_Sensor_RawSample_Get              (abs)        00000
__size_of_MTOUCH_Sensor_SampleAll                  (abs)        00000
__size_of_MTOUCH_Sensor_Sampled_ResetAll           (abs)        00000
__size_of_MTOUCH_Sensor_Scan_Initialize            (abs)        00000
__size_of_MTOUCH_Sensor_isCalibrated               (abs)        00000
__size_of_MTOUCH_Sensor_wasSampled                 (abs)        00000
__size_of_MTOUCH_Service_Mainloop                  (abs)        00000
__size_of_MTOUCH_Tick                              (abs)        00000
__size_of_MTOUCH_needReburst                       (abs)        00000
__size_of_OSCILLATOR_Initialize                    (abs)        00000
__size_of_PIN_MANAGER_Initialize                   (abs)        00000
__size_of_Proximity_Baseline_Get_helper            (abs)        00000
__size_of_Proximity_Baseline_Initialize            (abs)        00000
__size_of_Proximity_Baseline_Update                (abs)        00000
__size_of_Proximity_DefaultCallback                (abs)        00000
__size_of_Proximity_Deviation_Update               (abs)        00000
__size_of_Proximity_Reading_Update                 (abs)        00000
__size_of_Proximity_Reading_Update_Helper          (abs)        00000
__size_of_Proximity_Service                        (abs)        00000
__size_of_Proximity_State_Activated                (abs)        00000
__size_of_Proximity_State_Initializing             (abs)        00000
__size_of_Proximity_State_NotActivated             (abs)        00000
__size_of_Proximity_Tick_helper                    (abs)        00000
__size_of_SYSTEM_Initialize                        (abs)        00000
__size_of_Sensor_Acq_ExecutePacket                 (abs)        00000
__size_of_Sensor_Acq_ExecuteScan                   (abs)        00000
__size_of_Sensor_Acquisition                       (abs)        00000
__size_of_Sensor_DefaultCallback                   (abs)        00000
__size_of_Sensor_RawSample_Update                  (abs)        00000
__size_of_Sensor_Sampled_Reset                     (abs)        00000
__size_of_Sensor_Service                           (abs)        00000
__size_of_Sensor_isEnabled                         (abs)        00000
__size_of_Sensor_setActive                         (abs)        00000
__size_of_Sensor_setInactive                       (abs)        00000
__size_of_Sensor_setSampled                        (abs)        00000
__size_of_Sensor_setScanFunction                   (abs)        00000
__size_of_User_Proximity_Actived_Callback          (abs)        00000
__size_of_User_Proximity_Deactived_Callback        (abs)        00000
__size_of_WDT_Initialize                           (abs)        00000
__size_of___bmul                                   (abs)        00000
__size_of_abs                                      (abs)        00000
__size_of_main                                     (abs)        00000
__size_of_memcpy                                   (abs)        00000
_abs                                               text24       001CB
_callback_activated                                dataBANK0    00043
_callback_notActivated                             dataBANK0    00041
_currentScannSensor                                bssBANK0     00027
_main                                              maintext     000DD
_memcpy                                            text10       00323
_mtouch_proximity                                  bssBANK0     00029
_mtouch_proximity_init                             stringtext1  001A4
_mtouch_sensor                                     dataBANK0    0004B
_mtouch_time_toScan                                bssBANK0     00022
_packet_counter                                    bssBANK0     00026
_packet_sample                                     bssBANK0     00020
_sample_delay                                      bssBANK0     00025
_sensor_globalFlags                                bssBANK0     00028
abs@a                                              cstackCOMMON 00070
btemp                                              (abs)        0007E
clear_ram0                                         clrtext      00068
end_of_initialization                              cinit        007FE
init_ram                                           inittext     0006E
intlevel0                                          functab      00000
intlevel1                                          functab      00000
intlevel2                                          functab      00000
intlevel3                                          functab      00000
intlevel4                                          functab      00000
intlevel5                                          functab      00000
memcpy@d                                           cstackCOMMON 00079
memcpy@d1                                          cstackCOMMON 00078
memcpy@n                                           cstackCOMMON 00072
memcpy@s                                           cstackCOMMON 00075
memcpy@s1                                          cstackCOMMON 00070
memcpy@tmp                                         cstackCOMMON 00077
reset_vec                                          reset_vec    00000
start                                              init         00001
start_initialization                               cinit        007EE
wtemp0                                             (abs)        0007E


FUNCTION INFORMATION:

 *************** function _main *****************
 Defined at:
		line 48 in file "main.c"
 Parameters:    Size  Location     Type
		None
 Auto vars:     Size  Location     Type
		None
 Return value:  Size  Location     Type
                  1    wreg      void 
 Registers used:
		wreg, fsr0l, fsr0h, fsr1l, fsr1h, status,2, status,0, pclath, cstack
 Tracked objects:
		On entry : 
		On exit  : 
		Unchanged: 
 Data sizes:     COMMON   BANK0   BANK1   BANK2
      Params:         0       0       0       0
      Locals:         0       0       0       0
      Temps:          0       0       0       0
      Totals:         0       0       0       0
Total ram usage:        0 bytes
 Hardware stack levels required when called:    7
 This function calls:
		_MTOUCH_Proximity_SetActivatedCallback
		_MTOUCH_Proximity_SetNotActivatedCallback
		_MTOUCH_Service_Mainloop
		_SYSTEM_Initialize
 This function is called by:
		Startup code after reset
 This function uses a non-reentrant model


 *************** function _SYSTEM_Initialize *****************
 Defined at:
		line 50 in file "mcc_generated_files/mcc.c"
 Parameters:    Size  Location     Type
		None
 Auto vars:     Size  Location     Type
		None
 Return value:  Size  Location     Type
                  1    wreg      void 
 Registers used:
		wreg, fsr0l, fsr0h, fsr1l, fsr1h, status,2, status,0, pclath, cstack
 Tracked objects:
		On entry : 
		On exit  : 
		Unchanged: 
 Data sizes:     COMMON   BANK0   BANK1   BANK2
      Params:         0       0       0       0
      Locals:         0       0       0       0
      Temps:          0       0       0       0
      Totals:         0       0       0       0
Total ram usage:        0 bytes
 Hardware stack levels used:    1
 Hardware stack levels required when called:    5
 This function calls:
		_MTOUCH_Initialize
		_OSCILLATOR_Initialize
		_PIN_MANAGER_Initialize
		_WDT_Initialize
 This function is called by:
		_main
 This function uses a non-reentrant model


 *************** function _WDT_Initialize *****************
 Defined at:
		line 69 in file "mcc_generated_files/mcc.c"
 Parameters:    Size  Location     Type
		None
 Auto vars:     Size  Location     Type
		None
 Return value:  Size  Location     Type
                  1    wreg      void 
 Registers used:
		wreg
 Tracked objects:
		On entry : 
		On exit  : 
		Unchanged: 
 Data sizes:     COMMON   BANK0   BANK1   BANK2
      Params:         0       0       0       0
      Locals:         0       0       0       0
      Temps:          0       0       0       0
      Totals:         0       0       0       0
Total ram usage:        0 bytes
 Hardware stack levels used:    1
 This function calls:
		Nothing
 This function is called by:
		_SYSTEM_Initialize
 This function uses a non-reentrant model


 *************** function _PIN_MANAGER_Initialize *****************
 Defined at:
		line 55 in file "mcc_generated_files/pin_manager.c"
 Parameters:    Size  Location     Type
		None
 Auto vars:     Size  Location     Type
		None
 Return value:  Size  Location     Type
                  1    wreg      void 
 Registers used:
		wreg, status,2
 Tracked objects:
		On entry : 
		On exit  : 
		Unchanged: 
 Data sizes:     COMMON   BANK0   BANK1   BANK2
      Params:         0       0       0       0
      Locals:         0       0       0       0
      Temps:          0       0       0       0
      Totals:         0       0       0       0
Total ram usage:        0 bytes
 Hardware stack levels used:    1
 This function calls:
		Nothing
 This function is called by:
		_SYSTEM_Initialize
 This function uses a non-reentrant model


 *************** function _OSCILLATOR_Initialize *****************
 Defined at:
		line 59 in file "mcc_generated_files/mcc.c"
 Parameters:    Size  Location     Type
		None
 Auto vars:     Size  Location     Type
		None
 Return value:  Size  Location     Type
                  1    wreg      void 
 Registers used:
		wreg, status,2
 Tracked objects:
		On entry : 
		On exit  : 
		Unchanged: 
 Data sizes:     COMMON   BANK0   BANK1   BANK2
      Params:         0       0       0       0
      Locals:         0       0       0       0
      Temps:          0       0       0       0
      Totals:         0       0       0       0
Total ram usage:        0 bytes
 Hardware stack levels used:    1
 This function calls:
		Nothing
 This function is called by:
		_SYSTEM_Initialize
 This function uses a non-reentrant model


 *************** function _MTOUCH_Initialize *****************
 Defined at:
		line 80 in file "mcc_generated_files/mtouch/mtouch.c"
 Parameters:    Size  Location     Type
		None
 Auto vars:     Size  Location     Type
		None
 Return value:  Size  Location     Type
                  1    wreg      void 
 Registers used:
		wreg, fsr0l, fsr0h, fsr1l, fsr1h, status,2, status,0, pclath, cstack
 Tracked objects:
		On entry : 
		On exit  : 
		Unchanged: 
 Data sizes:     COMMON   BANK0   BANK1   BANK2
      Params:         0       0       0       0
      Locals:         0       0       0       0
      Temps:          0       0       0       0
      Totals:         0       0       0       0
Total ram usage:        0 bytes
 Hardware stack levels used:    1
 Hardware stack levels required when called:    4
 This function calls:
		_MTOUCH_Proximity_InitializeAll
		_MTOUCH_Sensor_InitializeAll
		_MTOUCH_Sensor_Sampled_ResetAll
		_MTOUCH_Sensor_Scan_Initialize
 This function is called by:
		_SYSTEM_Initialize
 This function uses a non-reentrant model


 *************** function _MTOUCH_Sensor_InitializeAll *****************
 Defined at:
		line 156 in file "mcc_generated_files/mtouch/mtouch_sensor.c"
 Parameters:    Size  Location     Type
		None
 Auto vars:     Size  Location     Type
  sensor          1    9[COMMON] enum E1336
 Return value:  Size  Location     Type
                  1    wreg      void 
 Registers used:
		wreg, fsr1l, fsr1h, status,2, status,0, pclath, cstack
 Tracked objects:
		On entry : 
		On exit  : 
		Unchanged: 
 Data sizes:     COMMON   BANK0   BANK1   BANK2
      Params:         0       0       0       0
      Locals:         1       0       0       0
      Temps:          1       0       0       0
      Totals:         2       0       0       0
Total ram usage:        2 bytes
 Hardware stack levels used:    1
 Hardware stack levels required when called:    3
 This function calls:
		_MTOUCH_Sensor_Initialize
 This function is called by:
		_MTOUCH_Initialize
 This function uses a non-reentrant model


 *************** function _MTOUCH_Sensor_Initialize *****************
 Defined at:
		line 142 in file "mcc_generated_files/mtouch/mtouch_sensor.c"
 Parameters:    Size  Location     Type
  sensor          1    wreg     enum E1336
 Auto vars:     Size  Location     Type
  sensor          1    7[COMMON] enum E1336
 Return value:  Size  Location     Type
                  1    wreg      enum E1338
 Registers used:
		wreg, fsr1l, fsr1h, status,2, status,0, pclath, cstack
 Tracked objects:
		On entry : 
		On exit  : 
		Unchanged: 
 Data sizes:     COMMON   BANK0   BANK1   BANK2
      Params:         0       0       0       0
      Locals:         1       0       0       0
      Temps:          1       0       0       0
      Totals:         2       0       0       0
Total ram usage:        2 bytes
 Hardware stack levels used:    1
 Hardware stack levels required when called:    2
 This function calls:
		_MTOUCH_Sensor_Enable
		_Sensor_Sampled_Reset
		___bmul
 This function is called by:
		_MTOUCH_Sensor_InitializeAll
 This function uses a non-reentrant model


 *************** function _MTOUCH_Sensor_Enable *****************
 Defined at:
		line 478 in file "mcc_generated_files/mtouch/mtouch_sensor.c"
 Parameters:    Size  Location     Type
  sensor          1    wreg     enum E1336
 Auto vars:     Size  Location     Type
  sensor          1    5[COMMON] enum E1336
 Return value:  Size  Location     Type
                  1    wreg      void 
 Registers used:
		wreg, fsr1l, fsr1h, status,2, status,0, pclath, cstack
 Tracked objects:
		On entry : 
		On exit  : 
		Unchanged: 
 Data sizes:     COMMON   BANK0   BANK1   BANK2
      Params:         0       0       0       0
      Locals:         1       0       0       0
      Temps:          1       0       0       0
      Totals:         2       0       0       0
Total ram usage:        2 bytes
 Hardware stack levels used:    1
 Hardware stack levels required when called:    1
 This function calls:
		___bmul
 This function is called by:
		_MTOUCH_Sensor_Initialize
 This function uses a non-reentrant model


 *************** function _MTOUCH_Proximity_InitializeAll *****************
 Defined at:
		line 162 in file "mcc_generated_files/mtouch/mtouch_proximity.c"
 Parameters:    Size  Location     Type
		None
 Auto vars:     Size  Location     Type
		None
 Return value:  Size  Location     Type
                  1    wreg      void 
 Registers used:
		wreg, fsr0l, fsr0h, fsr1l, fsr1h, status,2, status,0, pclath, cstack
 Tracked objects:
		On entry : 
		On exit  : 
		Unchanged: 
 Data sizes:     COMMON   BANK0   BANK1   BANK2
      Params:         0       0       0       0
      Locals:         0       0       0       0
      Temps:          0       0       0       0
      Totals:         0       0       0       0
Total ram usage:        0 bytes
 Hardware stack levels used:    1
 Hardware stack levels required when called:    1
 This function calls:
		_MTOUCH_Proximity_Initialize
		_memcpy
 This function is called by:
		_MTOUCH_Initialize
 This function uses a non-reentrant model


 *************** function _memcpy *****************
 Defined at:
		line 4 in file "C:\Program Files (x86)\Microchip\xc8\v2.10\pic\sources\c99\common\memcpy.c"
 Parameters:    Size  Location     Type
  d1              1    wreg     PTR void 
		 -> mtouch_proximity(18), 
  s1              2    0[COMMON] PTR const void 
		 -> mtouch_proximity_init(18), 
  n               2    2[COMMON] unsigned int 
 Auto vars:     Size  Location     Type
  d1              1    8[COMMON] PTR void 
		 -> mtouch_proximity(18), 
  s               2    5[COMMON] PTR const unsigned char 
		 -> mtouch_proximity_init(18), 
  d               1    9[COMMON] PTR unsigned char 
		 -> mtouch_proximity(18), 
  tmp             1    7[COMMON] unsigned char 
 Return value:  Size  Location     Type
                  1    wreg      PTR void 
 Registers used:
		wreg, fsr0l, fsr0h, fsr1l, fsr1h, status,2, status,0, pclath
 Tracked objects:
		On entry : 
		On exit  : 
		Unchanged: 
 Data sizes:     COMMON   BANK0   BANK1   BANK2
      Params:         4       0       0       0
      Locals:         5       0       0       0
      Temps:          1       0       0       0
      Totals:        10       0       0       0
Total ram usage:       10 bytes
 Hardware stack levels used:    1
 This function calls:
		Nothing
 This function is called by:
		_MTOUCH_Proximity_InitializeAll
 This function uses a non-reentrant model


 *************** function _MTOUCH_Service_Mainloop *****************
 Defined at:
		line 95 in file "mcc_generated_files/mtouch/mtouch.c"
 Parameters:    Size  Location     Type
		None
 Auto vars:     Size  Location     Type
		None
 Return value:  Size  Location     Type
                  1    wreg      _Bool 
 Registers used:
		wreg, fsr0l, fsr0h, fsr1l, fsr1h, status,2, status,0, pclath, cstack
 Tracked objects:
		On entry : 
		On exit  : 
		Unchanged: 
 Data sizes:     COMMON   BANK0   BANK1   BANK2
      Params:         0       0       0       0
      Locals:         0       0       0       0
      Temps:          0       1       0       0
      Totals:         0       1       0       0
Total ram usage:        1 bytes
 Hardware stack levels used:    1
 Hardware stack levels required when called:    6
 This function calls:
		_MTOUCH_Proximity_ServiceAll
		_MTOUCH_Sensor_SampleAll
		_MTOUCH_Sensor_Sampled_ResetAll
		_MTOUCH_Tick
		_MTOUCH_needReburst
 This function is called by:
		_main
 This function uses a non-reentrant model


 *************** function _MTOUCH_needReburst *****************
 Defined at:
		line 134 in file "mcc_generated_files/mtouch/mtouch.c"
 Parameters:    Size  Location     Type
		None
 Auto vars:     Size  Location     Type
  needReburst     1    0        _Bool 
 Return value:  Size  Location     Type
                  1    wreg      _Bool 
 Registers used:
		wreg, status,2
 Tracked objects:
		On entry : 
		On exit  : 
		Unchanged: 
 Data sizes:     COMMON   BANK0   BANK1   BANK2
      Params:         0       0       0       0
      Locals:         1       0       0       0
      Temps:          0       0       0       0
      Totals:         1       0       0       0
Total ram usage:        1 bytes
 Hardware stack levels used:    1
 This function calls:
		Nothing
 This function is called by:
		_MTOUCH_Service_Mainloop
 This function uses a non-reentrant model


 *************** function _MTOUCH_Tick *****************
 Defined at:
[...]
 Tracked objects:
		On entry : 
		On exit  : 
		Unchanged: 
 Data sizes:     COMMON   BANK0   BANK1   BANK2
      Params:         0       0       0       0
      Locals:         1       0       0       0
      Temps:          4       0       0       0
      Totals:         5       0       0       0
Total ram usage:        5 bytes
 Hardware stack levels used:    1
 This function calls:
		Nothing
 This function is called by:
		_Proximity_State_Initializing
		_Proximity_State_NotActivated
 This function uses a non-reentrant model


 *************** function _Proximity_Baseline_Initialize *****************
 Defined at:
		line 430 in file "mcc_generated_files/mtouch/mtouch_proximity.c"
 Parameters:    Size  Location     Type
  prox            1    wreg     PTR struct .
		 -> mtouch_proximity(18), 
 Auto vars:     Size  Location     Type
  prox            1   12[COMMON] PTR struct .
		 -> mtouch_proximity(18), 
 Return value:  Size  Location     Type
                  1    wreg      void 
 Registers used:
		wreg, fsr1l, fsr1h, status,2, status,0, pclath, cstack
 Tracked objects:
		On entry : 
		On exit  : 
		Unchanged: 
 Data sizes:     COMMON   BANK0   BANK1   BANK2
      Params:         0       0       0       0
      Locals:         1       0       0       0
      Temps:          4       0       0       0
      Totals:         5       0       0       0
Total ram usage:        5 bytes
 Hardware stack levels used:    1
 Hardware stack levels required when called:    2
 This function calls:
		_MTOUCH_Sensor_RawSample_Get
 This function is called by:
		_Proximity_State_Initializing
 This function uses a non-reentrant model


 *************** function _MTOUCH_Proximity_Initialize *****************
 Defined at:
		line 142 in file "mcc_generated_files/mtouch/mtouch_proximity.c"
 Parameters:    Size  Location     Type
  name            1    wreg     enum E1553
 Auto vars:     Size  Location     Type
  name            1    1[COMMON] enum E1553
  prox            1    2[COMMON] PTR struct .
		 -> mtouch_proximity(18), 
 Return value:  Size  Location     Type
                  1    wreg      void 
 Registers used:
		wreg, fsr1l, fsr1h, status,2, status,0
 Tracked objects:
		On entry : 
		On exit  : 
		Unchanged: 
 Data sizes:     COMMON   BANK0   BANK1   BANK2
      Params:         0       0       0       0
      Locals:         2       0       0       0
      Temps:          1       0       0       0
      Totals:         3       0       0       0
Total ram usage:        3 bytes
 Hardware stack levels used:    1
 This function calls:
		Nothing
 This function is called by:
		_MTOUCH_Proximity_InitializeAll
		_Proximity_Service
		_Proximity_State_NotActivated
		_Proximity_State_Activated
 This function uses a non-reentrant model


 *************** function _Proximity_Reading_Update *****************
 Defined at:
		line 404 in file "mcc_generated_files/mtouch/mtouch_proximity.c"
 Parameters:    Size  Location     Type
  prox            1    wreg     PTR struct .
		 -> mtouch_proximity(18), 
 Auto vars:     Size  Location     Type
  prox            1    1[BANK0 ] PTR struct .
		 -> mtouch_proximity(18), 
 Return value:  Size  Location     Type
                  1    wreg      void 
 Registers used:
		wreg, fsr1l, fsr1h, status,2, status,0, pclath, cstack
 Tracked objects:
		On entry : 
		On exit  : 
		Unchanged: 
 Data sizes:     COMMON   BANK0   BANK1   BANK2
      Params:         0       0       0       0
      Locals:         0       1       0       0
      Temps:          0       0       0       0
      Totals:         0       1       0       0
Total ram usage:        1 bytes
 Hardware stack levels used:    1
 Hardware stack levels required when called:    3
 This function calls:
		_Proximity_Reading_Update_Helper
 This function is called by:
		_Proximity_Service
 This function uses a non-reentrant model


 *************** function _Proximity_Reading_Update_Helper *****************
 Defined at:
		line 417 in file "mcc_generated_files/mtouch/mtouch_proximity.c"
 Parameters:    Size  Location     Type
  prox            1    wreg     PTR struct .
		 -> mtouch_proximity(18), 
 Auto vars:     Size  Location     Type
  prox            1    0[BANK0 ] PTR struct .
		 -> mtouch_proximity(18), 
 Return value:  Size  Location     Type
                  1    wreg      void 
 Registers used:
		wreg, fsr1l, fsr1h, status,2, status,0, pclath, cstack
 Tracked objects:
		On entry : 
		On exit  : 
		Unchanged: 
 Data sizes:     COMMON   BANK0   BANK1   BANK2
      Params:         0       0       0       0
      Locals:         0       1       0       0
      Temps:          6       0       0       0
      Totals:         6       1       0       0
Total ram usage:        7 bytes
 Hardware stack levels used:    1
 Hardware stack levels required when called:    2
 This function calls:
		_MTOUCH_Sensor_RawSample_Get
 This function is called by:
		_Proximity_Reading_Update
 This function uses a non-reentrant model


 *************** function _MTOUCH_Sensor_RawSample_Get *****************
 Defined at:
		line 417 in file "mcc_generated_files/mtouch/mtouch_sensor.c"
 Parameters:    Size  Location     Type
  name            1    wreg     enum E1336
 Auto vars:     Size  Location     Type
  name            1    7[COMMON] enum E1336
 Return value:  Size  Location     Type
                  2    4[COMMON] unsigned short 
 Registers used:
		wreg, fsr1l, fsr1h, status,2, status,0, pclath, cstack
 Tracked objects:
		On entry : 
		On exit  : 
		Unchanged: 
 Data sizes:     COMMON   BANK0   BANK1   BANK2
      Params:         2       0       0       0
      Locals:         1       0       0       0
      Temps:          1       0       0       0
      Totals:         4       0       0       0
Total ram usage:        4 bytes
 Hardware stack levels used:    1
 Hardware stack levels required when called:    1
 This function calls:
		___bmul
 This function is called by:
		_Proximity_Reading_Update_Helper
		_Proximity_Baseline_Initialize
 This function uses a non-reentrant model


 *************** function _Proximity_Deviation_Update *****************
 Defined at:
		line 353 in file "mcc_generated_files/mtouch/mtouch_proximity.c"
 Parameters:    Size  Location     Type
  name            1    wreg     enum E1553
 Auto vars:     Size  Location     Type
  name            1   15[BANK0 ] enum E1553
  deviation       4   11[BANK0 ] long 
 Return value:  Size  Location     Type
                  1    wreg      void 
 Registers used:
		wreg, fsr1l, fsr1h, status,2, status,0, pclath, cstack
 Tracked objects:
		On entry : 
		On exit  : 
		Unchanged: 
 Data sizes:     COMMON   BANK0   BANK1   BANK2
      Params:         0       0       0       0
      Locals:         0       5       0       0
      Temps:          0      10       0       0
      Totals:         0      15       0       0
Total ram usage:       15 bytes
 Hardware stack levels used:    1
 Hardware stack levels required when called:    2
 This function calls:
		_MTOUCH_Proximity_Baseline_Get
		_MTOUCH_Proximity_Reading_Get
 This function is called by:
		_Proximity_Service
 This function uses a non-reentrant model


 *************** function _MTOUCH_Proximity_Reading_Get *****************
 Defined at:
		line 396 in file "mcc_generated_files/mtouch/mtouch_proximity.c"
 Parameters:    Size  Location     Type
  name            1    wreg     enum E1553
 Auto vars:     Size  Location     Type
  name            1    5[COMMON] enum E1553
 Return value:  Size  Location     Type
                  4    0[COMMON] unsigned long 
 Registers used:
		wreg, fsr1l, fsr1h, status,2, status,0
 Tracked objects:
		On entry : 
		On exit  : 
		Unchanged: 
 Data sizes:     COMMON   BANK0   BANK1   BANK2
      Params:         5       0       0       0
      Locals:         1       0       0       0
      Temps:          0       0       0       0
      Totals:         6       0       0       0
Total ram usage:        6 bytes
 Hardware stack levels used:    1
 This function calls:
		Nothing
 This function is called by:
		_Proximity_State_NotActivated
		_Proximity_Deviation_Update
 This function uses a non-reentrant model


 *************** function _MTOUCH_Proximity_Baseline_Get *****************
 Defined at:
		line 452 in file "mcc_generated_files/mtouch/mtouch_proximity.c"
 Parameters:    Size  Location     Type
  name            1    wreg     enum E1553
 Auto vars:     Size  Location     Type
  name            1    0[BANK0 ] enum E1553
 Return value:  Size  Location     Type
                  4    9[COMMON] unsigned long 
 Registers used:
		wreg, fsr1l, fsr1h, status,2, status,0, pclath, cstack
 Tracked objects:
		On entry : 
		On exit  : 
		Unchanged: 
 Data sizes:     COMMON   BANK0   BANK1   BANK2
      Params:         5       0       0       0
      Locals:         0       1       0       0
      Temps:          0       0       0       0
      Totals:         5       1       0       0
Total ram usage:        6 bytes
 Hardware stack levels used:    1
 Hardware stack levels required when called:    1
 This function calls:
		_Proximity_Baseline_Get_helper
 This function is called by:
		_Proximity_State_NotActivated
		_Proximity_Deviation_Update
 This function uses a non-reentrant model


 *************** function _Proximity_Baseline_Get_helper *****************
 Defined at:
		line 461 in file "mcc_generated_files/mtouch/mtouch_proximity.c"
 Parameters:    Size  Location     Type
  name            1    wreg     enum E1553
 Auto vars:     Size  Location     Type
  name            1    8[COMMON] enum E1553
 Return value:  Size  Location     Type
                  4    0[COMMON] unsigned long 
 Registers used:
		wreg, fsr1l, fsr1h, status,2, status,0
 Tracked objects:
		On entry : 
		On exit  : 
		Unchanged: 
 Data sizes:     COMMON   BANK0   BANK1   BANK2
      Params:         4       0       0       0
      Locals:         1       0       0       0
      Temps:          4       0       0       0
      Totals:         9       0       0       0
Total ram usage:        9 bytes
 Hardware stack levels used:    1
 This function calls:
		Nothing
 This function is called by:
		_MTOUCH_Proximity_Baseline_Get
 This function uses a non-reentrant model


 *************** function _MTOUCH_Sensor_wasSampled *****************
 Defined at:
		line 553 in file "mcc_generated_files/mtouch/mtouch_sensor.c"
 Parameters:    Size  Location     Type
  sensor          1    wreg     enum E1336
 Auto vars:     Size  Location     Type
  sensor          1    5[COMMON] enum E1336
 Return value:  Size  Location     Type
                  1    wreg      _Bool 
 Registers used:
		wreg, fsr1l, fsr1h, status,2, status,0, pclath, cstack
 Tracked objects:
		On entry : 
		On exit  : 
		Unchanged: 
 Data sizes:     COMMON   BANK0   BANK1   BANK2
      Params:         0       0       0       0
      Locals:         1       0       0       0
      Temps:          1       0       0       0
      Totals:         2       0       0       0
Total ram usage:        2 bytes
 Hardware stack levels used:    1
 Hardware stack levels required when called:    1
 This function calls:
		___bmul
 This function is called by:
		_Proximity_Service
 This function uses a non-reentrant model


 *************** function ___bmul *****************
 Defined at:
		line 4 in file "C:\Program Files (x86)\Microchip\xc8\v2.10\pic\sources\c99\common\Umul8.c"
 Parameters:    Size  Location     Type
  multiplier      1    wreg     unsigned char 
  multiplicand    1    0[COMMON] unsigned char 
 Auto vars:     Size  Location     Type
  multiplier      1    3[COMMON] unsigned char 
  product         1    2[COMMON] unsigned char 
 Return value:  Size  Location     Type
                  1    wreg      unsigned char 
 Registers used:
		wreg, status,2, status,0
 Tracked objects:
		On entry : 
		On exit  : 
		Unchanged: 
 Data sizes:     COMMON   BANK0   BANK1   BANK2
      Params:         1       0       0       0
      Locals:         2       0       0       0
      Temps:          1       0       0       0
      Totals:         4       0       0       0
Total ram usage:        4 bytes
 Hardware stack levels used:    1
 This function calls:
		Nothing
 This function is called by:
		_MTOUCH_Sensor_Initialize
		_Sensor_Service
		_Sensor_Acq_ExecuteScan
		_MTOUCH_Sensor_RawSample_Get
		_MTOUCH_Sensor_Enable
		_MTOUCH_Sensor_wasSampled
 This function uses a non-reentrant model


 *************** function _MTOUCH_Sensor_isCalibrated *****************
 Defined at:
		line 526 in file "mcc_generated_files/mtouch/mtouch_sensor.c"
 Parameters:    Size  Location     Type
  sensor          1    wreg     enum E1336
 Auto vars:     Size  Location     Type
  sensor          1    0[COMMON] enum E1336
 Return value:  Size  Location     Type
                  1    wreg      _Bool 
 Registers used:
		wreg
 Tracked objects:
		On entry : 
		On exit  : 
		Unchanged: 
 Data sizes:     COMMON   BANK0   BANK1   BANK2
      Params:         0       0       0       0
      Locals:         0       0       0       0
      Temps:          0       0       0       0
      Totals:         0       0       0       0
Total ram usage:        0 bytes
 Hardware stack levels used:    1
 This function calls:
		Nothing
 This function is called by:
		_Proximity_Service
 This function uses a non-reentrant model


 *************** function _MTOUCH_Proximity_SetNotActivatedCallback *****************
 Defined at:
		line 477 in file "mcc_generated_files/mtouch/mtouch_proximity.c"
 Parameters:    Size  Location     Type
  callback        2    0[COMMON] PTR FTN(enum E1553,)void
		 -> User_Proximity_Deactived_Callback(1), 
 Auto vars:     Size  Location     Type
		None
 Return value:  Size  Location     Type
                  1    wreg      void 
 Registers used:
		wreg
 Tracked objects:
		On entry : 
		On exit  : 
		Unchanged: 
 Data sizes:     COMMON   BANK0   BANK1   BANK2
      Params:         2       0       0       0
      Locals:         0       0       0       0
      Temps:          0       0       0       0
      Totals:         2       0       0       0
Total ram usage:        2 bytes
 Hardware stack levels used:    1
 This function calls:
		Nothing
 This function is called by:
		_main
 This function uses a non-reentrant model


 *************** function _MTOUCH_Proximity_SetActivatedCallback *****************
 Defined at:
		line 473 in file "mcc_generated_files/mtouch/mtouch_proximity.c"
 Parameters:    Size  Location     Type
  callback        2    0[COMMON] PTR FTN(enum E1553,)void
		 -> User_Proximity_Actived_Callback(1), 
 Auto vars:     Size  Location     Type
		None
 Return value:  Size  Location     Type
                  1    wreg      void 
 Registers used:
		wreg
 Tracked objects:
		On entry : 
		On exit  : 
		Unchanged: 
 Data sizes:     COMMON   BANK0   BANK1   BANK2
      Params:         2       0       0       0
      Locals:         0       0       0       0
      Temps:          0       0       0       0
      Totals:         2       0       0       0
Total ram usage:        2 bytes
 Hardware stack levels used:    1
 This function calls:
		Nothing
 This function is called by:
		_main
 This function uses a non-reentrant model



MODULE INFORMATION

Module		Function		Class		Link	Load	Size
mcc_generated_files/mtouch/mtouch.c
		_MTOUCH_Tick   		CODE           	0040	0000	3
		_MTOUCH_Initialize		CODE           	0058	0000	6
		_MTOUCH_Service_Mainloop		CODE           	0109	0000	17
		_MTOUCH_needReburst		CODE           	0042	0000	3

mcc_generated_files/mtouch/mtouch.c estimated size: 29

mcc_generated_files/pin_manager.c
		_PIN_MANAGER_Initialize		CODE           	0119	0000	17

mcc_generated_files/pin_manager.c estimated size: 17

C:\Program Files (x86)\Microchip\xc8\v2.10\pic\sources\c99\common\Umul8.c
		___bmul        		CODE           	0129	0000	18

C:\Program Files (x86)\Microchip\xc8\v2.10\pic\sources\c99\common\Umul8.c estimated size: 18

mcc_generated_files/mtouch/mtouch_proximity.c
		_MTOUCH_Proximity_SetNotActivatedCallback		CODE           	004E	0000	6
		_Proximity_Baseline_Initialize		CODE           	02FB	0000	41
		_Proximity_Reading_Update		CODE           	00A1	0000	12
		_Proximity_State_NotActivated		CODE           	0625	0000	197
		_Proximity_Service		CODE           	03BA	0000	63
		_MTOUCH_Proximity_Initialize		CODE           	02D4	0000	40
		_Proximity_Baseline_Update		CODE           	05A2	0000	132
		_MTOUCH_Proximity_Tick		CODE           	0047	0000	4
		_User_Proximity_Deactived_Callback		CODE           	0180	0000	19
		_Proximity_DefaultCallback		CODE           	003C	0000	2
		_Proximity_State_Activated		CODE           	052B	0000	120
		_MTOUCH_Proximity_Baseline_Get		CODE           	01F9	0000	25
		_User_Proximity_Actived_Callback		CODE           	016E	0000	19
		_Proximity_Baseline_Get_helper		CODE           	0247	0000	33
		_MTOUCH_Proximity_InitializeAll		CODE           	00D0	0000	14
		_Proximity_State_Initializing		CODE           	037F	0000	60
		_Proximity_Reading_Update_Helper		CODE           	04C5	0000	103
		_Proximity_Deviation_Update		CODE           	06E9	0000	262
		_MTOUCH_Proximity_ServiceAll		CODE           	0044	0000	4
		_MTOUCH_Proximity_Reading_Get		CODE           	022A	0000	30
		_Proximity_Tick_helper		CODE           	0267	0000	36
		_MTOUCH_Proximity_SetActivatedCallback		CODE           	0062	0000	7

mcc_generated_files/mtouch/mtouch_proximity.c estimated size: 1229

mcc_generated_files/mtouch/mtouch_sensor_scan.c
		_MTOUCH_CVD_ScanA_0		CODE           	028A	0000	38
		_MTOUCH_CVD_ScanB_0		CODE           	02AF	0000	38

mcc_generated_files/mtouch/mtouch_sensor_scan.c estimated size: 76

shared
		__initialization		CODE           	07EE	0000	17
		_mtouch_proximity_init		STRCODE        	01A4	0000	19

shared estimated size: 36

mcc_generated_files/mcc.c
		_WDT_Initialize		CODE           	004A	0000	5
		_OSCILLATOR_Initialize		CODE           	0090	0000	8
		_SYSTEM_Initialize		CODE           	005D	0000	6

mcc_generated_files/mcc.c estimated size: 19

C:\Program Files (x86)\Microchip\xc8\v2.10\pic\sources\c99\common\memcpy.c
		_memcpy        		CODE           	0323	0000	43

C:\Program Files (x86)\Microchip\xc8\v2.10\pic\sources\c99\common\memcpy.c estimated size: 43

C:\Program Files (x86)\Microchip\xc8\v2.10\pic\sources\c99\common\abs.c
		_abs           		CODE           	01CB	0000	24

C:\Program Files (x86)\Microchip\xc8\v2.10\pic\sources\c99\common\abs.c estimated size: 24

main.c
		_main          		CODE           	00DD	0000	14

main.c estimated size: 14

mcc_generated_files/mtouch/mtouch_random.c
		_MTOUCH_Random 		CODE           	00F9	0000	17

mcc_generated_files/mtouch/mtouch_random.c estimated size: 17

mcc_generated_files/mtouch/mtouch_sensor.c
		_Sensor_Acq_ExecutePacket		CODE           	0438	0000	69
		_MTOUCH_Delay  		CODE           	0097	0000	11
		_Sensor_Acquisition		CODE           	034D	0000	51
		_MTOUCH_Sensor_Initialize		CODE           	00B7	0000	13
		_Sensor_Sampled_Reset		CODE           	0089	0000	8
		_MTOUCH_Sensor_InitializeAll		CODE           	00AC	0000	12
		_Sensor_DefaultCallback		CODE           	003D	0000	2
		_Sensor_isEnabled		CODE           	00C3	0000	14
		_MTOUCH_Sensor_isCalibrated		CODE           	003E	0000	3
		_MTOUCH_Sensor_Sampled_ResetAll		CODE           	014B	0000	18
		_Sensor_setActive		CODE           	0074	0000	8
		_MTOUCH_Sensor_Enable		CODE           	00EA	0000	16
		_Sensor_Acq_ExecuteScan		CODE           	047C	0000	74
		_Sensor_setSampled		CODE           	0082	0000	8
		_MTOUCH_Sensor_RawSample_Get		CODE           	01B6	0000	22
		_MTOUCH_Sensor_SampleAll		CODE           	013A	0000	18
		_MTOUCH_Sensor_wasSampled		CODE           	015C	0000	19
		_Sensor_Service		CODE           	03F8	0000	65
		_Sensor_setScanFunction		CODE           	0192	0000	19
		_MTOUCH_Sensor_Scan_Initialize		CODE           	0053	0000	6
		_Sensor_RawSample_Update		CODE           	01E2	0000	24
		_Sensor_setInactive		CODE           	007B	0000	8

mcc_generated_files/mtouch/mtouch_sensor.c estimated size: 488

